Archive member included to satisfy reference by file (symbol)

C:/ST/STM32CubeIDE_1.13.2/STM32CubeIDE/plugins/com.st.stm32cube.ide.mcu.externaltools.gnu-tools-for-stm32.13.3.rel1.win32_1.0.0.202411081344/tools/bin/../lib/gcc/arm-none-eabi/13.3.1/../../../../arm-none-eabi/lib/thumb/v7-m/nofp\libstdc++_nano.a(del_ops.o)
                              ./Core/Src/main.o (operator delete(void*, unsigned int))
C:/ST/STM32CubeIDE_1.13.2/STM32CubeIDE/plugins/com.st.stm32cube.ide.mcu.externaltools.gnu-tools-for-stm32.13.3.rel1.win32_1.0.0.202411081344/tools/bin/../lib/gcc/arm-none-eabi/13.3.1/../../../../arm-none-eabi/lib/thumb/v7-m/nofp\libstdc++_nano.a(del_opv.o)
                              ./Core/Src/main.o (operator delete[](void*))
C:/ST/STM32CubeIDE_1.13.2/STM32CubeIDE/plugins/com.st.stm32cube.ide.mcu.externaltools.gnu-tools-for-stm32.13.3.rel1.win32_1.0.0.202411081344/tools/bin/../lib/gcc/arm-none-eabi/13.3.1/../../../../arm-none-eabi/lib/thumb/v7-m/nofp\libstdc++_nano.a(new_opv.o)
                              ./Core/Src/main.o (operator new[](unsigned int))
C:/ST/STM32CubeIDE_1.13.2/STM32CubeIDE/plugins/com.st.stm32cube.ide.mcu.externaltools.gnu-tools-for-stm32.13.3.rel1.win32_1.0.0.202411081344/tools/bin/../lib/gcc/arm-none-eabi/13.3.1/../../../../arm-none-eabi/lib/thumb/v7-m/nofp\libstdc++_nano.a(functional.o)
                              ./Core/Src/MG996R.o (std::__throw_bad_function_call())
C:/ST/STM32CubeIDE_1.13.2/STM32CubeIDE/plugins/com.st.stm32cube.ide.mcu.externaltools.gnu-tools-for-stm32.13.3.rel1.win32_1.0.0.202411081344/tools/bin/../lib/gcc/arm-none-eabi/13.3.1/../../../../arm-none-eabi/lib/thumb/v7-m/nofp\libstdc++_nano.a(string-inst.o)
                              ./Core/Src/i2c_device.o (std::__cxx11::basic_string<char, std::char_traits<char>, std::allocator<char> >::basic_string())
C:/ST/STM32CubeIDE_1.13.2/STM32CubeIDE/plugins/com.st.stm32cube.ide.mcu.externaltools.gnu-tools-for-stm32.13.3.rel1.win32_1.0.0.202411081344/tools/bin/../lib/gcc/arm-none-eabi/13.3.1/../../../../arm-none-eabi/lib/thumb/v7-m/nofp\libstdc++_nano.a(del_op.o)
                              C:/ST/STM32CubeIDE_1.13.2/STM32CubeIDE/plugins/com.st.stm32cube.ide.mcu.externaltools.gnu-tools-for-stm32.13.3.rel1.win32_1.0.0.202411081344/tools/bin/../lib/gcc/arm-none-eabi/13.3.1/../../../../arm-none-eabi/lib/thumb/v7-m/nofp\libstdc++_nano.a(del_ops.o) (operator delete(void*))
C:/ST/STM32CubeIDE_1.13.2/STM32CubeIDE/plugins/com.st.stm32cube.ide.mcu.externaltools.gnu-tools-for-stm32.13.3.rel1.win32_1.0.0.202411081344/tools/bin/../lib/gcc/arm-none-eabi/13.3.1/../../../../arm-none-eabi/lib/thumb/v7-m/nofp\libstdc++_nano.a(eh_exception.o)
                              C:/ST/STM32CubeIDE_1.13.2/STM32CubeIDE/plugins/com.st.stm32cube.ide.mcu.externaltools.gnu-tools-for-stm32.13.3.rel1.win32_1.0.0.202411081344/tools/bin/../lib/gcc/arm-none-eabi/13.3.1/../../../../arm-none-eabi/lib/thumb/v7-m/nofp\libstdc++_nano.a(functional.o) (std::exception::~exception())
C:/ST/STM32CubeIDE_1.13.2/STM32CubeIDE/plugins/com.st.stm32cube.ide.mcu.externaltools.gnu-tools-for-stm32.13.3.rel1.win32_1.0.0.202411081344/tools/bin/../lib/gcc/arm-none-eabi/13.3.1/../../../../arm-none-eabi/lib/thumb/v7-m/nofp\libstdc++_nano.a(new_op.o)
                              C:/ST/STM32CubeIDE_1.13.2/STM32CubeIDE/plugins/com.st.stm32cube.ide.mcu.externaltools.gnu-tools-for-stm32.13.3.rel1.win32_1.0.0.202411081344/tools/bin/../lib/gcc/arm-none-eabi/13.3.1/../../../../arm-none-eabi/lib/thumb/v7-m/nofp\libstdc++_nano.a(new_opv.o) (operator new(unsigned int))
C:/ST/STM32CubeIDE_1.13.2/STM32CubeIDE/plugins/com.st.stm32cube.ide.mcu.externaltools.gnu-tools-for-stm32.13.3.rel1.win32_1.0.0.202411081344/tools/bin/../lib/gcc/arm-none-eabi/13.3.1/../../../../arm-none-eabi/lib/thumb/v7-m/nofp\libstdc++_nano.a(si_class_type_info.o)
                              C:/ST/STM32CubeIDE_1.13.2/STM32CubeIDE/plugins/com.st.stm32cube.ide.mcu.externaltools.gnu-tools-for-stm32.13.3.rel1.win32_1.0.0.202411081344/tools/bin/../lib/gcc/arm-none-eabi/13.3.1/../../../../arm-none-eabi/lib/thumb/v7-m/nofp\libstdc++_nano.a(functional.o) (vtable for __cxxabiv1::__si_class_type_info)
C:/ST/STM32CubeIDE_1.13.2/STM32CubeIDE/plugins/com.st.stm32cube.ide.mcu.externaltools.gnu-tools-for-stm32.13.3.rel1.win32_1.0.0.202411081344/tools/bin/../lib/gcc/arm-none-eabi/13.3.1/../../../../arm-none-eabi/lib/thumb/v7-m/nofp\libstdc++_nano.a(tinfo.o)
                              C:/ST/STM32CubeIDE_1.13.2/STM32CubeIDE/plugins/com.st.stm32cube.ide.mcu.externaltools.gnu-tools-for-stm32.13.3.rel1.win32_1.0.0.202411081344/tools/bin/../lib/gcc/arm-none-eabi/13.3.1/../../../../arm-none-eabi/lib/thumb/v7-m/nofp\libstdc++_nano.a(si_class_type_info.o) (std::type_info::__is_pointer_p() const)
[...]
Memory Configuration

Name             Origin             Length             Attributes
RAM              0x20000000         0x00005000         xrw
FLASH            0x08000000         0x00010000         xr
*default*        0x00000000         0xffffffff

Linker script and memory map

LOAD C:/ST/STM32CubeIDE_1.13.2/STM32CubeIDE/plugins/com.st.stm32cube.ide.mcu.externaltools.gnu-tools-for-stm32.13.3.rel1.win32_1.0.0.202411081344/tools/bin/../lib/gcc/arm-none-eabi/13.3.1/thumb/v7-m/nofp/crti.o
LOAD C:/ST/STM32CubeIDE_1.13.2/STM32CubeIDE/plugins/com.st.stm32cube.ide.mcu.externaltools.gnu-tools-for-stm32.13.3.rel1.win32_1.0.0.202411081344/tools/bin/../lib/gcc/arm-none-eabi/13.3.1/thumb/v7-m/nofp/crtbegin.o
LOAD C:/ST/STM32CubeIDE_1.13.2/STM32CubeIDE/plugins/com.st.stm32cube.ide.mcu.externaltools.gnu-tools-for-stm32.13.3.rel1.win32_1.0.0.202411081344/tools/bin/../lib/gcc/arm-none-eabi/13.3.1/../../../../arm-none-eabi/lib/thumb/v7-m/nofp/crt0.o
LOAD ./Core/Src/AS5600.o
LOAD ./Core/Src/DRV8870.o
LOAD ./Core/Src/MG996R.o
LOAD ./Core/Src/adc.o
LOAD ./Core/Src/control.o
LOAD ./Core/Src/dma.o
LOAD ./Core/Src/gpio.o
LOAD ./Core/Src/i2c.o
LOAD ./Core/Src/i2c_device.o
LOAD ./Core/Src/main.o
LOAD ./Core/Src/stm32f1xx_hal_msp.o
LOAD ./Core/Src/stm32f1xx_it.o
LOAD ./Core/Src/syscalls.o
LOAD ./Core/Src/sysmem.o
LOAD ./Core/Src/system_stm32f1xx.o
LOAD ./Core/Src/tim.o
LOAD ./Core/Startup/startup_stm32f103c8tx.o
LOAD ./Drivers/STM32F1xx_HAL_Driver/Src/stm32f1xx_hal.o
LOAD ./Drivers/STM32F1xx_HAL_Driver/Src/stm32f1xx_hal_adc.o
LOAD ./Drivers/STM32F1xx_HAL_Driver/Src/stm32f1xx_hal_adc_ex.o
LOAD ./Drivers/STM32F1xx_HAL_Driver/Src/stm32f1xx_hal_cortex.o
LOAD ./Drivers/STM32F1xx_HAL_Driver/Src/stm32f1xx_hal_dma.o
LOAD ./Drivers/STM32F1xx_HAL_Driver/Src/stm32f1xx_hal_exti.o
LOAD ./Drivers/STM32F1xx_HAL_Driver/Src/stm32f1xx_hal_flash.o
LOAD ./Drivers/STM32F1xx_HAL_Driver/Src/stm32f1xx_hal_flash_ex.o
LOAD ./Drivers/STM32F1xx_HAL_Driver/Src/stm32f1xx_hal_gpio.o
LOAD ./Drivers/STM32F1xx_HAL_Driver/Src/stm32f1xx_hal_gpio_ex.o
LOAD ./Drivers/STM32F1xx_HAL_Driver/Src/stm32f1xx_hal_i2c.o
LOAD ./Drivers/STM32F1xx_HAL_Driver/Src/stm32f1xx_hal_pwr.o
LOAD ./Drivers/STM32F1xx_HAL_Driver/Src/stm32f1xx_hal_rcc.o
LOAD ./Drivers/STM32F1xx_HAL_Driver/Src/stm32f1xx_hal_rcc_ex.o
LOAD ./Drivers/STM32F1xx_HAL_Driver/Src/stm32f1xx_hal_tim.o
LOAD ./Drivers/STM32F1xx_HAL_Driver/Src/stm32f1xx_hal_tim_ex.o
START GROUP
LOAD C:/ST/STM32CubeIDE_1.13.2/STM32CubeIDE/plugins/com.st.stm32cube.ide.mcu.externaltools.gnu-tools-for-stm32.13.3.rel1.win32_1.0.0.202411081344/tools/bin/../lib/gcc/arm-none-eabi/13.3.1/../../../../arm-none-eabi/lib/thumb/v7-m/nofp\libstdc++_nano.a
LOAD C:/ST/STM32CubeIDE_1.13.2/STM32CubeIDE/plugins/com.st.stm32cube.ide.mcu.externaltools.gnu-tools-for-stm32.13.3.rel1.win32_1.0.0.202411081344/tools/bin/../lib/gcc/arm-none-eabi/13.3.1/../../../../arm-none-eabi/lib/thumb/v7-m/nofp\libsupc++_nano.a
END GROUP
LOAD C:/ST/STM32CubeIDE_1.13.2/STM32CubeIDE/plugins/com.st.stm32cube.ide.mcu.externaltools.gnu-tools-for-stm32.13.3.rel1.win32_1.0.0.202411081344/tools/bin/../lib/gcc/arm-none-eabi/13.3.1/../../../../arm-none-eabi/lib/thumb/v7-m/nofp\libstdc++_nano.a
LOAD C:/ST/STM32CubeIDE_1.13.2/STM32CubeIDE/plugins/com.st.stm32cube.ide.mcu.externaltools.gnu-tools-for-stm32.13.3.rel1.win32_1.0.0.202411081344/tools/bin/../lib/gcc/arm-none-eabi/13.3.1/../../../../arm-none-eabi/lib/thumb/v7-m/nofp\libm.a
LOAD C:/ST/STM32CubeIDE_1.13.2/STM32CubeIDE/plugins/com.st.stm32cube.ide.mcu.externaltools.gnu-tools-for-stm32.13.3.rel1.win32_1.0.0.202411081344/tools/bin/../lib/gcc/arm-none-eabi/13.3.1/../../../../arm-none-eabi/lib/thumb/v7-m/nofp\libc_nano.a
START GROUP
LOAD C:/ST/STM32CubeIDE_1.13.2/STM32CubeIDE/plugins/com.st.stm32cube.ide.mcu.externaltools.gnu-tools-for-stm32.13.3.rel1.win32_1.0.0.202411081344/tools/bin/../lib/gcc/arm-none-eabi/13.3.1/thumb/v7-m/nofp\libgcc.a
LOAD C:/ST/STM32CubeIDE_1.13.2/STM32CubeIDE/plugins/com.st.stm32cube.ide.mcu.externaltools.gnu-tools-for-stm32.13.3.rel1.win32_1.0.0.202411081344/tools/bin/../lib/gcc/arm-none-eabi/13.3.1/../../../../arm-none-eabi/lib/thumb/v7-m/nofp\libc_nano.a
END GROUP
START GROUP
LOAD C:/ST/STM32CubeIDE_1.13.2/STM32CubeIDE/plugins/com.st.stm32cube.ide.mcu.externaltools.gnu-tools-for-stm32.13.3.rel1.win32_1.0.0.202411081344/tools/bin/../lib/gcc/arm-none-eabi/13.3.1/thumb/v7-m/nofp\libgcc.a
LOAD C:/ST/STM32CubeIDE_1.13.2/STM32CubeIDE/plugins/com.st.stm32cube.ide.mcu.externaltools.gnu-tools-for-stm32.13.3.rel1.win32_1.0.0.202411081344/tools/bin/../lib/gcc/arm-none-eabi/13.3.1/../../../../arm-none-eabi/lib/thumb/v7-m/nofp\libc_nano.a
LOAD C:/ST/STM32CubeIDE_1.13.2/STM32CubeIDE/plugins/com.st.stm32cube.ide.mcu.externaltools.gnu-tools-for-stm32.13.3.rel1.win32_1.0.0.202411081344/tools/bin/../lib/gcc/arm-none-eabi/13.3.1/../../../../arm-none-eabi/lib/thumb/v7-m/nofp\libnosys.a
END GROUP
START GROUP
LOAD C:/ST/STM32CubeIDE_1.13.2/STM32CubeIDE/plugins/com.st.stm32cube.ide.mcu.externaltools.gnu-tools-for-stm32.13.3.rel1.win32_1.0.0.202411081344/tools/bin/../lib/gcc/arm-none-eabi/13.3.1/thumb/v7-m/nofp\libgcc.a
LOAD C:/ST/STM32CubeIDE_1.13.2/STM32CubeIDE/plugins/com.st.stm32cube.ide.mcu.externaltools.gnu-tools-for-stm32.13.3.rel1.win32_1.0.0.202411081344/tools/bin/../lib/gcc/arm-none-eabi/13.3.1/../../../../arm-none-eabi/lib/thumb/v7-m/nofp\libc_nano.a
LOAD C:/ST/STM32CubeIDE_1.13.2/STM32CubeIDE/plugins/com.st.stm32cube.ide.mcu.externaltools.gnu-tools-for-stm32.13.3.rel1.win32_1.0.0.202411081344/tools/bin/../lib/gcc/arm-none-eabi/13.3.1/../../../../arm-none-eabi/lib/thumb/v7-m/nofp\libnosys.a
END GROUP
LOAD C:/ST/STM32CubeIDE_1.13.2/STM32CubeIDE/plugins/com.st.stm32cube.ide.mcu.externaltools.gnu-tools-for-stm32.13.3.rel1.win32_1.0.0.202411081344/tools/bin/../lib/gcc/arm-none-eabi/13.3.1/thumb/v7-m/nofp/crtend.o
LOAD C:/ST/STM32CubeIDE_1.13.2/STM32CubeIDE/plugins/com.st.stm32cube.ide.mcu.externaltools.gnu-tools-for-stm32.13.3.rel1.win32_1.0.0.202411081344/tools/bin/../lib/gcc/arm-none-eabi/13.3.1/thumb/v7-m/nofp/crtn.o
                0x20005000                        _estack = (ORIGIN (RAM) + LENGTH (RAM))
                0x00000200                        _Min_Heap_Size = 0x200
                0x00000400                        _Min_Stack_Size = 0x400

.isr_vector     0x08000000      0x10c
                0x08000000                        . = ALIGN (0x4)
 *(.isr_vector)
 .isr_vector    0x08000000      0x10c ./Core/Startup/startup_stm32f103c8tx.o
                0x08000000                g_pfnVectors
                0x0800010c                        . = ALIGN (0x4)

.text           0x08000110     0xb434
                0x08000110                        . = ALIGN (0x4)
 *(.text)
 .text          0x08000110       0x40 C:/ST/STM32CubeIDE_1.13.2/STM32CubeIDE/plugins/com.st.stm32cube.ide.mcu.externaltools.gnu-tools-for-stm32.13.3.rel1.win32_1.0.0.202411081344/tools/bin/../lib/gcc/arm-none-eabi/13.3.1/thumb/v7-m/nofp/crtbegin.o
 .text          0x08000150      0x378 C:/ST/STM32CubeIDE_1.13.2/STM32CubeIDE/plugins/com.st.stm32cube.ide.mcu.externaltools.gnu-tools-for-stm32.13.3.rel1.win32_1.0.0.202411081344/tools/bin/../lib/gcc/arm-none-eabi/13.3.1/thumb/v7-m/nofp\libgcc.a(_arm_addsubdf3.o)
                0x08000150                __aeabi_drsub
                0x08000158                __aeabi_dsub
                0x08000158                __subdf3
                0x0800015c                __aeabi_dadd
                0x0800015c                __adddf3
                0x080003d4                __floatunsidf
                0x080003d4                __aeabi_ui2d
                0x080003f4                __floatsidf
                0x080003f4                __aeabi_i2d
                0x08000418                __aeabi_f2d
                0x08000418                __extendsfdf2
                0x0800045c                __floatundidf
                0x0800045c                __aeabi_ul2d
                0x0800046c                __floatdidf
                0x0800046c                __aeabi_l2d
 .text          0x080004c8      0x424 C:/ST/STM32CubeIDE_1.13.2/STM32CubeIDE/plugins/com.st.stm32cube.ide.mcu.externaltools.gnu-tools-for-stm32.13.3.rel1.win32_1.0.0.202411081344/tools/bin/../lib/gcc/arm-none-eabi/13.3.1/thumb/v7-m/nofp\libgcc.a(_arm_muldivdf3.o)
                0x080004c8                __aeabi_dmul
                0x080004c8                __muldf3
                0x0800071c                __divdf3
                0x0800071c                __aeabi_ddiv
 .text          0x080008ec      0x110 C:/ST/STM32CubeIDE_1.13.2/STM32CubeIDE/plugins/com.st.stm32cube.ide.mcu.externaltools.gnu-tools-for-stm32.13.3.rel1.win32_1.0.0.202411081344/tools/bin/../lib/gcc/arm-none-eabi/13.3.1/thumb/v7-m/nofp\libgcc.a(_arm_cmpdf2.o)
                0x080008ec                __gtdf2
                0x080008ec                __gedf2
                0x080008f4                __ltdf2
                0x080008f4                __ledf2
                0x080008fc                __nedf2
                0x080008fc                __eqdf2
                0x080008fc                __cmpdf2
                0x08000978                __aeabi_cdrcmple
                0x08000988                __aeabi_cdcmpeq
                0x08000988                __aeabi_cdcmple
                0x08000998                __aeabi_dcmpeq
                0x080009ac                __aeabi_dcmplt
                0x080009c0                __aeabi_dcmple
                0x080009d4                __aeabi_dcmpge
                0x080009e8                __aeabi_dcmpgt
 .text          0x080009fc       0xa0 C:/ST/STM32CubeIDE_1.13.2/STM32CubeIDE/plugins/com.st.stm32cube.ide.mcu.externaltools.gnu-tools-for-stm32.13.3.rel1.win32_1.0.0.202411081344/tools/bin/../lib/gcc/arm-none-eabi/13.3.1/thumb/v7-m/nofp\libgcc.a(_arm_truncdfsf2.o)
                0x080009fc                __truncdfsf2
                0x080009fc                __aeabi_d2f
 .text          0x08000a9c      0x21c C:/ST/STM32CubeIDE_1.13.2/STM32CubeIDE/plugins/com.st.stm32cube.ide.mcu.externaltools.gnu-tools-for-stm32.13.3.rel1.win32_1.0.0.202411081344/tools/bin/../lib/gcc/arm-none-eabi/13.3.1/thumb/v7-m/nofp\libgcc.a(_arm_addsubsf3.o)
                0x08000a9c                __aeabi_frsub
                0x08000aa4                __subsf3
                0x08000aa4                __aeabi_fsub
                0x08000aa8                __aeabi_fadd
                0x08000aa8                __addsf3
                0x08000c08                __aeabi_ui2f
                0x08000c08                __floatunsisf
                0x08000c10                __aeabi_i2f
                0x08000c10                __floatsisf
                0x08000c2c                __aeabi_ul2f
                0x08000c2c                __floatundisf
                0x08000c3c                __aeabi_l2f
                0x08000c3c                __floatdisf
 .text          0x08000cb8      0x2a0 C:/ST/STM32CubeIDE_1.13.2/STM32CubeIDE/plugins/com.st.stm32cube.ide.mcu.externaltools.gnu-tools-for-stm32.13.3.rel1.win32_1.0.0.202411081344/tools/bin/../lib/gcc/arm-none-eabi/13.3.1/thumb/v7-m/nofp\libgcc.a(_arm_muldivsf3.o)
                0x08000cb8                __mulsf3
                0x08000cb8                __aeabi_fmul
                0x08000e20                __aeabi_fdiv
                0x08000e20                __divsf3
 .text          0x08000f58       0xec C:/ST/STM32CubeIDE_1.13.2/STM32CubeIDE/plugins/com.st.stm32cube.ide.mcu.externaltools.gnu-tools-for-stm32.13.3.rel1.win32_1.0.0.202411081344/tools/bin/../lib/gcc/arm-none-eabi/13.3.1/thumb/v7-m/nofp\libgcc.a(_arm_cmpsf2.o)
                0x08000f58                __gesf2
                0x08000f58                __gtsf2
                0x08000f60                __lesf2
                0x08000f60                __ltsf2
                0x08000f68                __nesf2
                0x08000f68                __eqsf2
                0x08000f68                __cmpsf2
                0x08000fc8                __aeabi_cfrcmple
                0x08000fd0                __aeabi_cfcmpeq
                0x08000fd0                __aeabi_cfcmple
                0x08000fe0                __aeabi_fcmpeq
                0x08000ff4                __aeabi_fcmplt
                0x08001008                __aeabi_fcmple
                0x0800101c                __aeabi_fcmpge
                0x08001030                __aeabi_fcmpgt
 .text          0x08001044       0x4c C:/ST/STM32CubeIDE_1.13.2/STM32CubeIDE/plugins/com.st.stm32cube.ide.mcu.externaltools.gnu-tools-for-stm32.13.3.rel1.win32_1.0.0.202411081344/tools/bin/../lib/gcc/arm-none-eabi/13.3.1/thumb/v7-m/nofp\libgcc.a(_arm_fixsfsi.o)
                0x08001044                __aeabi_f2iz
                0x08001044                __fixsfsi
 .text          0x08001090       0x40 C:/ST/STM32CubeIDE_1.13.2/STM32CubeIDE/plugins/com.st.stm32cube.ide.mcu.externaltools.gnu-tools-for-stm32.13.3.rel1.win32_1.0.0.202411081344/tools/bin/../lib/gcc/arm-none-eabi/13.3.1/thumb/v7-m/nofp\libgcc.a(_arm_fixunssfsi.o)
                0x08001090                __fixunssfsi
                0x08001090                __aeabi_f2uiz
 *(.text*)
 .text._ZN6AS560012digitalAngleEPtNS_12DigitalAngleE
                0x080010d0       0x44 ./Core/Src/AS5600.o
                0x080010d0                AS5600::digitalAngle(unsigned short*, AS5600::DigitalAngle)
 .text._ZN3I2C6Device4readItEE17HAL_StatusTypeDefhPT_N4byte10EndianTypeE
                0x08001114       0x7a ./Core/Src/AS5600.o
                0x08001114                HAL_StatusTypeDef I2C::Device::read<unsigned short>(unsigned char, unsigned short*, byte::EndianType)
 .text._ZN4byte6concatItEET_PKhNS_10EndianTypeE
                0x0800118e       0x74 ./Core/Src/AS5600.o
                0x0800118e                unsigned short byte::concat<unsigned short>(unsigned char const*, byte::EndianType)
 .text._ZN7DRV88704initEP17TIM_HandleTypeDef
                0x08001202       0x40 ./Core/Src/DRV8870.o
                0x08001202                DRV8870::init(TIM_HandleTypeDef*)
 .text._ZN7DRV88704dutyEfNS_8StopModeE
                0x08001242      0x344 ./Core/Src/DRV8870.o
                0x08001242                DRV8870::duty(float, DRV8870::StopMode)
 .text._ZN7DRV88704stopENS_8StopModeE
                0x08001586      0x152 ./Core/Src/DRV8870.o
                0x08001586                DRV8870::stop(DRV8870::StopMode)
 .text._ZnwjPv  0x080016d8       0x16 ./Core/Src/MG996R.o
                0x080016d8                operator new(unsigned int, void*)
 .text._ZNSt9_Any_data9_M_accessEv
                0x080016ee       0x14 ./Core/Src/MG996R.o
                0x080016ee                std::_Any_data::_M_access()
 .text._ZNKSt9_Any_data9_M_accessEv
                0x08001702       0x14 ./Core/Src/MG996R.o
                0x08001702                std::_Any_data::_M_access() const
 .text._ZNSt14_Function_baseD2Ev
                0x08001716       0x26 ./Core/Src/MG996R.o
                0x08001716                std::_Function_base::~_Function_base()
                0x08001716                std::_Function_base::~_Function_base()
 .text._ZNKSt14_Function_base8_M_emptyEv
                0x0800173c       0x20 ./Core/Src/MG996R.o
                0x0800173c                std::_Function_base::_M_empty() const
 .text._ZNSt8functionIFvvEED2Ev
                0x0800175c       0x1a ./Core/Src/MG996R.o
                0x0800175c                std::function<void ()>::~function()
                0x0800175c                std::function<void ()>::~function()
 .text._ZN3I2C16IVirtualRegister4bindESt8functionIFvvEE
                0x08001776       0x1e ./Core/Src/MG996R.o
                0x08001776                I2C::IVirtualRegister::bind(std::function<void ()>)
 .text._ZN3I2C5Slave4initEP17I2C_HandleTypeDefh
                0x08001794       0x38 ./Core/Src/MG996R.o
                0x08001794                I2C::Slave::init(I2C_HandleTypeDef*, unsigned char)
 .text._ZN3I2C5Slave20requestAddressChangeEh
                0x080017cc       0x1c ./Core/Src/MG996R.o
                0x080017cc                I2C::Slave::requestAddressChange(unsigned char)
 .text._ZN3I2C5Slave19applyPendingAddressEv
                0x080017e8       0x6a ./Core/Src/MG996R.o
                0x080017e8                I2C::Slave::applyPendingAddress()
 .text._ZN3I2C6Device4initEP17I2C_HandleTypeDef
                0x08001852       0x1a ./Core/Src/MG996R.o
                0x08001852                I2C::Device::init(I2C_HandleTypeDef*)
 .text._ZN6AS560013startPositionEt
                0x0800186c       0x2c ./Core/Src/MG996R.o
                0x0800186c                AS5600::startPosition(unsigned short)
 .text._ZN6AS560012stopPositionEt
                0x08001898       0x2c ./Core/Src/MG996R.o
                0x08001898                AS5600::stopPosition(unsigned short)
 .text._ZN6MG996R4initEP17I2C_HandleTypeDefS1_P17TIM_HandleTypeDefS3_
                0x080018c4      0x118 ./Core/Src/MG996R.o
                0x080018c4                MG996R::init(I2C_HandleTypeDef*, I2C_HandleTypeDef*, TIM_HandleTypeDef*, TIM_HandleTypeDef*)
 .text._ZZN6MG996R13bindCallbacksEvENKUlvE_clEv
                0x080019dc       0x32 ./Core/Src/MG996R.o
 .text._ZZN6MG996R13bindCallbacksEvENKUlvE0_clEv
                0x08001a0e       0x32 ./Core/Src/MG996R.o
 .text._ZZN6MG996R13bindCallbacksEvENKUlvE1_clEv
                0x08001a40       0x32 ./Core/Src/MG996R.o
 .text._ZZN6MG996R13bindCallbacksEvENKUlvE2_clEv
                0x08001a72       0x32 ./Core/Src/MG996R.o
 .text._ZZN6MG996R13bindCallbacksEvENKUlvE3_clEv
                0x08001aa4       0x32 ./Core/Src/MG996R.o
 .text._ZZN6MG996R13bindCallbacksEvENKUlvE4_clEv
                0x08001ad6       0x32 ./Core/Src/MG996R.o
 .text._ZZN6MG996R13bindCallbacksEvENKUlvE5_clEv
                0x08001b08       0x32 ./Core/Src/MG996R.o
 .text._ZZN6MG996R13bindCallbacksEvENKUlvE6_clEv
                0x08001b3a       0x30 ./Core/Src/MG996R.o
 .text._ZZN6MG996R13bindCallbacksEvENKUlvE7_clEv
                0x08001b6a       0x30 ./Core/Src/MG996R.o
 .text._ZZN6MG996R13bindCallbacksEvENKUlvE8_clEv
                0x08001b9a       0x2e ./Core/Src/MG996R.o
 .text._ZN6MG996R13bindCallbacksEv
                0x08001bc8      0x1f8 ./Core/Src/MG996R.o
                0x08001bc8                MG996R::bindCallbacks()
 .text._ZN6MG996R11controlLoopEv
                0x08001dc0      0x10c ./Core/Src/MG996R.o
                0x08001dc0                MG996R::controlLoop()
 .text._ZNSt14_Function_baseC2Ev
                0x08001ecc       0x24 ./Core/Src/MG996R.o
                0x08001ecc                std::_Function_base::_Function_base()
                0x08001ecc                std::_Function_base::_Function_base()
 .text._ZNKSt8functionIFvvEEcvbEv
                0x08001ef0       0x20 ./Core/Src/MG996R.o
                0x08001ef0                std::function<void ()>::operator bool() const
 .text._ZNKSt8functionIFvvEEclEv
                0x08001f10       0x2c ./Core/Src/MG996R.o
                0x08001f10                std::function<void ()>::operator()() const
 .text._ZNSt8functionIFvvEEaSERKS1_
                0x08001f3c       0x36 ./Core/Src/MG996R.o
                0x08001f3c                std::function<void ()>::operator=(std::function<void ()> const&)
 .text._ZN3I2C6Device5writeItEE17HAL_StatusTypeDefhT_N4byte10EndianTypeE
                0x08001f72       0x6c ./Core/Src/MG996R.o
                0x08001f72                HAL_StatusTypeDef I2C::Device::write<unsigned short>(unsigned char, unsigned short, byte::EndianType)
 .text._ZN3I2C15VirtualRegisterIlE8typedSetEl
                0x08001fde       0x3e ./Core/Src/MG996R.o
                0x08001fde                I2C::VirtualRegister<long>::typedSet(long)
 .text._ZN3I2C15VirtualRegisterItE8typedSetEt
                0x0800201c       0x40 ./Core/Src/MG996R.o
                0x0800201c                I2C::VirtualRegister<unsigned short>::typedSet(unsigned short)
 .text._ZNK3I2C15VirtualRegisterIfE8typedGetEv
                0x0800205c       0x2c ./Core/Src/MG996R.o
                0x0800205c                I2C::VirtualRegister<float>::typedGet() const
 .text._ZNSt8functionIFvvEEC2IZN6MG996R13bindCallbacksEvEUlvE_vEEOT_
                0x08002088       0x60 ./Core/Src/MG996R.o
 .text._ZNSt8functionIFvvEEC2IZN6MG996R13bindCallbacksEvEUlvE0_vEEOT_
                0x080020e8       0x60 ./Core/Src/MG996R.o
 .text._ZNSt8functionIFvvEEC2IZN6MG996R13bindCallbacksEvEUlvE1_vEEOT_
                0x08002148       0x60 ./Core/Src/MG996R.o
 .text._ZNSt8functionIFvvEEC2IZN6MG996R13bindCallbacksEvEUlvE2_vEEOT_
                0x080021a8       0x60 ./Core/Src/MG996R.o
 .text._ZNSt8functionIFvvEEC2IZN6MG996R13bindCallbacksEvEUlvE3_vEEOT_
                0x08002208       0x60 ./Core/Src/MG996R.o
 .text._ZNSt8functionIFvvEEC2IZN6MG996R13bindCallbacksEvEUlvE4_vEEOT_
                0x08002268       0x60 ./Core/Src/MG996R.o
 .text._ZNSt8functionIFvvEEC2IZN6MG996R13bindCallbacksEvEUlvE5_vEEOT_
                0x080022c8       0x60 ./Core/Src/MG996R.o
 .text._ZNK3I2C15VirtualRegisterItE8typedGetEv
                0x08002328       0x2a ./Core/Src/MG996R.o
                0x08002328                I2C::VirtualRegister<unsigned short>::typedGet() const
 *fill*         0x08002352        0x2 
 .text._ZNSt8functionIFvvEEC2IZN6MG996R13bindCallbacksEvEUlvE6_vEEOT_
                0x08002354       0x60 ./Core/Src/MG996R.o
 .text._ZNSt8functionIFvvEEC2IZN6MG996R13bindCallbacksEvEUlvE7_vEEOT_
                0x080023b4       0x60 ./Core/Src/MG996R.o
 .text._ZNK3I2C15VirtualRegisterIhE8typedGetEv
                0x08002414       0x2a ./Core/Src/MG996R.o
                0x08002414                I2C::VirtualRegister<unsigned char>::typedGet() const
 *fill*         0x0800243e        0x2 
 .text._ZNSt8functionIFvvEEC2IZN6MG996R13bindCallbacksEvEUlvE8_vEEOT_
                0x08002440       0x60 ./Core/Src/MG996R.o
 .text._ZNK3I2C15VirtualRegisterIlE8typedGetEv
                0x080024a0       0x2a ./Core/Src/MG996R.o
                0x080024a0                I2C::VirtualRegister<long>::typedGet() const
 .text._ZNSt8functionIFvvEEC2ERKS1_
                0x080024ca       0x56 ./Core/Src/MG996R.o
                0x080024ca                std::function<void ()>::function(std::function<void ()> const&)
                0x080024ca                std::function<void ()>::function(std::function<void ()> const&)
 .text._ZNSt8functionIFvvEE4swapERS1_
                0x08002520       0x42 ./Core/Src/MG996R.o
                0x08002520                std::function<void ()>::swap(std::function<void ()>&)
 .text._ZN4byte5splitItEEvT_PhNS_10EndianTypeE
                0x08002562       0x60 ./Core/Src/MG996R.o
                0x08002562                void byte::split<unsigned short>(unsigned short, unsigned char*, byte::EndianType)
 .text._ZNSt14_Function_base13_Base_managerIZN6MG996R13bindCallbacksEvEUlvE_E21_M_not_empty_functionIS2_EEbRKT_
                0x080025c2       0x14 ./Core/Src/MG996R.o
 .text._ZSt7forwardIZN6MG996R13bindCallbacksEvEUlvE_EOT_RNSt16remove_referenceIS2_E4typeE
                0x080025d6       0x14 ./Core/Src/MG996R.o
 .text._ZNSt14_Function_base13_Base_managerIZN6MG996R13bindCallbacksEvEUlvE_E15_M_init_functorIS2_EEvRSt9_Any_dataOT_
                0x080025ea       0x24 ./Core/Src/MG996R.o
 .text._ZNSt17_Function_handlerIFvvEZN6MG996R13bindCallbacksEvEUlvE_E9_M_invokeERKSt9_Any_data
                0x0800260e       0x1e ./Core/Src/MG996R.o
 .text._ZNSt17_Function_handlerIFvvEZN6MG996R13bindCallbacksEvEUlvE_E10_M_managerERSt9_Any_dataRKS4_St18_Manager_operation
                0x0800262c       0x3e ./Core/Src/MG996R.o
 .text._ZNSt14_Function_base13_Base_managerIZN6MG996R13bindCallbacksEvEUlvE0_E21_M_not_empty_functionIS2_EEbRKT_
                0x0800266a       0x14 ./Core/Src/MG996R.o
 .text._ZSt7forwardIZN6MG996R13bindCallbacksEvEUlvE0_EOT_RNSt16remove_referenceIS2_E4typeE
                0x0800267e       0x14 ./Core/Src/MG996R.o
 .text._ZNSt14_Function_base13_Base_managerIZN6MG996R13bindCallbacksEvEUlvE0_E15_M_init_functorIS2_EEvRSt9_Any_dataOT_
                0x08002692       0x24 ./Core/Src/MG996R.o
 .text._ZNSt17_Function_handlerIFvvEZN6MG996R13bindCallbacksEvEUlvE0_E9_M_invokeERKSt9_Any_data
                0x080026b6       0x1e ./Core/Src/MG996R.o
 .text._ZNSt17_Function_handlerIFvvEZN6MG996R13bindCallbacksEvEUlvE0_E10_M_managerERSt9_Any_dataRKS4_St18_Manager_operation
                0x080026d4       0x3e ./Core/Src/MG996R.o
 .text._ZNSt14_Function_base13_Base_managerIZN6MG996R13bindCallbacksEvEUlvE1_E21_M_not_empty_functionIS2_EEbRKT_
                0x08002712       0x14 ./Core/Src/MG996R.o
 .text._ZSt7forwardIZN6MG996R13bindCallbacksEvEUlvE1_EOT_RNSt16remove_referenceIS2_E4typeE
                0x08002726       0x14 ./Core/Src/MG996R.o
 .text._ZNSt14_Function_base13_Base_managerIZN6MG996R13bindCallbacksEvEUlvE1_E15_M_init_functorIS2_EEvRSt9_Any_dataOT_
                0x0800273a       0x24 ./Core/Src/MG996R.o
 .text._ZNSt17_Function_handlerIFvvEZN6MG996R13bindCallbacksEvEUlvE1_E9_M_invokeERKSt9_Any_data
                0x0800275e       0x1e ./Core/Src/MG996R.o
 .text._ZNSt17_Function_handlerIFvvEZN6MG996R13bindCallbacksEvEUlvE1_E10_M_managerERSt9_Any_dataRKS4_St18_Manager_operation
                0x0800277c       0x3e ./Core/Src/MG996R.o
 .text._ZNSt14_Function_base13_Base_managerIZN6MG996R13bindCallbacksEvEUlvE2_E21_M_not_empty_functionIS2_EEbRKT_
                0x080027ba       0x14 ./Core/Src/MG996R.o
 .text._ZSt7forwardIZN6MG996R13bindCallbacksEvEUlvE2_EOT_RNSt16remove_referenceIS2_E4typeE
                0x080027ce       0x14 ./Core/Src/MG996R.o
 .text._ZNSt14_Function_base13_Base_managerIZN6MG996R13bindCallbacksEvEUlvE2_E15_M_init_functorIS2_EEvRSt9_Any_dataOT_
                0x080027e2       0x24 ./Core/Src/MG996R.o
 .text._ZNSt17_Function_handlerIFvvEZN6MG996R13bindCallbacksEvEUlvE2_E9_M_invokeERKSt9_Any_data
                0x08002806       0x1e ./Core/Src/MG996R.o
 .text._ZNSt17_Function_handlerIFvvEZN6MG996R13bindCallbacksEvEUlvE2_E10_M_managerERSt9_Any_dataRKS4_St18_Manager_operation
                0x08002824       0x3e ./Core/Src/MG996R.o
 .text._ZNSt14_Function_base13_Base_managerIZN6MG996R13bindCallbacksEvEUlvE3_E21_M_not_empty_functionIS2_EEbRKT_
                0x08002862       0x14 ./Core/Src/MG996R.o
 .text._ZSt7forwardIZN6MG996R13bindCallbacksEvEUlvE3_EOT_RNSt16remove_referenceIS2_E4typeE
                0x08002876       0x14 ./Core/Src/MG996R.o
 .text._ZNSt14_Function_base13_Base_managerIZN6MG996R13bindCallbacksEvEUlvE3_E15_M_init_functorIS2_EEvRSt9_Any_dataOT_
                0x0800288a       0x24 ./Core/Src/MG996R.o
 .text._ZNSt17_Function_handlerIFvvEZN6MG996R13bindCallbacksEvEUlvE3_E9_M_invokeERKSt9_Any_data
                0x080028ae       0x1e ./Core/Src/MG996R.o
 .text._ZNSt17_Function_handlerIFvvEZN6MG996R13bindCallbacksEvEUlvE3_E10_M_managerERSt9_Any_dataRKS4_St18_Manager_operation
                0x080028cc       0x3e ./Core/Src/MG996R.o
 .text._ZNSt14_Function_base13_Base_managerIZN6MG996R13bindCallbacksEvEUlvE4_E21_M_not_empty_functionIS2_EEbRKT_
                0x0800290a       0x14 ./Core/Src/MG996R.o
 .text._ZSt7forwardIZN6MG996R13bindCallbacksEvEUlvE4_EOT_RNSt16remove_referenceIS2_E4typeE
                0x0800291e       0x14 ./Core/Src/MG996R.o
 .text._ZNSt14_Function_base13_Base_managerIZN6MG996R13bindCallbacksEvEUlvE4_E15_M_init_functorIS2_EEvRSt9_Any_dataOT_
                0x08002932       0x24 ./Core/Src/MG996R.o
 .text._ZNSt17_Function_handlerIFvvEZN6MG996R13bindCallbacksEvEUlvE4_E9_M_invokeERKSt9_Any_data
                0x08002956       0x1e ./Core/Src/MG996R.o
 .text._ZNSt17_Function_handlerIFvvEZN6MG996R13bindCallbacksEvEUlvE4_E10_M_managerERSt9_Any_dataRKS4_St18_Manager_operation
                0x08002974       0x3e ./Core/Src/MG996R.o
 .text._ZNSt14_Function_base13_Base_managerIZN6MG996R13bindCallbacksEvEUlvE5_E21_M_not_empty_functionIS2_EEbRKT_
                0x080029b2       0x14 ./Core/Src/MG996R.o
 .text._ZSt7forwardIZN6MG996R13bindCallbacksEvEUlvE5_EOT_RNSt16remove_referenceIS2_E4typeE
                0x080029c6       0x14 ./Core/Src/MG996R.o
 .text._ZNSt14_Function_base13_Base_managerIZN6MG996R13bindCallbacksEvEUlvE5_E15_M_init_functorIS2_EEvRSt9_Any_dataOT_
                0x080029da       0x24 ./Core/Src/MG996R.o
 .text._ZNSt17_Function_handlerIFvvEZN6MG996R13bindCallbacksEvEUlvE5_E9_M_invokeERKSt9_Any_data
                0x080029fe       0x1e ./Core/Src/MG996R.o
 .text._ZNSt17_Function_handlerIFvvEZN6MG996R13bindCallbacksEvEUlvE5_E10_M_managerERSt9_Any_dataRKS4_St18_Manager_operation
                0x08002a1c       0x3e ./Core/Src/MG996R.o
 .text._ZNSt14_Function_base13_Base_managerIZN6MG996R13bindCallbacksEvEUlvE6_E21_M_not_empty_functionIS2_EEbRKT_
                0x08002a5a       0x14 ./Core/Src/MG996R.o
 .text._ZSt7forwardIZN6MG996R13bindCallbacksEvEUlvE6_EOT_RNSt16remove_referenceIS2_E4typeE
                0x08002a6e       0x14 ./Core/Src/MG996R.o
 .text._ZNSt14_Function_base13_Base_managerIZN6MG996R13bindCallbacksEvEUlvE6_E15_M_init_functorIS2_EEvRSt9_Any_dataOT_
                0x08002a82       0x24 ./Core/Src/MG996R.o
 .text._ZNSt17_Function_handlerIFvvEZN6MG996R13bindCallbacksEvEUlvE6_E9_M_invokeERKSt9_Any_data
                0x08002aa6       0x1e ./Core/Src/MG996R.o
 .text._ZNSt17_Function_handlerIFvvEZN6MG996R13bindCallbacksEvEUlvE6_E10_M_managerERSt9_Any_dataRKS4_St18_Manager_operation
                0x08002ac4       0x3e ./Core/Src/MG996R.o
 .text._ZNSt14_Function_base13_Base_managerIZN6MG996R13bindCallbacksEvEUlvE7_E21_M_not_empty_functionIS2_EEbRKT_
                0x08002b02       0x14 ./Core/Src/MG996R.o
 .text._ZSt7forwardIZN6MG996R13bindCallbacksEvEUlvE7_EOT_RNSt16remove_referenceIS2_E4typeE
                0x08002b16       0x14 ./Core/Src/MG996R.o
 .text._ZNSt14_Function_base13_Base_managerIZN6MG996R13bindCallbacksEvEUlvE7_E15_M_init_functorIS2_EEvRSt9_Any_dataOT_
                0x08002b2a       0x24 ./Core/Src/MG996R.o
 .text._ZNSt17_Function_handlerIFvvEZN6MG996R13bindCallbacksEvEUlvE7_E9_M_invokeERKSt9_Any_data
                0x08002b4e       0x1e ./Core/Src/MG996R.o
 .text._ZNSt17_Function_handlerIFvvEZN6MG996R13bindCallbacksEvEUlvE7_E10_M_managerERSt9_Any_dataRKS4_St18_Manager_operation
                0x08002b6c       0x3e ./Core/Src/MG996R.o
 .text._ZNSt14_Function_base13_Base_managerIZN6MG996R13bindCallbacksEvEUlvE8_E21_M_not_empty_functionIS2_EEbRKT_
                0x08002baa       0x14 ./Core/Src/MG996R.o
 .text._ZSt7forwardIZN6MG996R13bindCallbacksEvEUlvE8_EOT_RNSt16remove_referenceIS2_E4typeE
                0x08002bbe       0x14 ./Core/Src/MG996R.o
 .text._ZNSt14_Function_base13_Base_managerIZN6MG996R13bindCallbacksEvEUlvE8_E15_M_init_functorIS2_EEvRSt9_Any_dataOT_
                0x08002bd2       0x24 ./Core/Src/MG996R.o
 .text._ZNSt17_Function_handlerIFvvEZN6MG996R13bindCallbacksEvEUlvE8_E9_M_invokeERKSt9_Any_data
                0x08002bf6       0x1e ./Core/Src/MG996R.o
 .text._ZNSt17_Function_handlerIFvvEZN6MG996R13bindCallbacksEvEUlvE8_E10_M_managerERSt9_Any_dataRKS4_St18_Manager_operation
                0x08002c14       0x3e ./Core/Src/MG996R.o
 .text._ZSt4swapISt9_Any_dataENSt9enable_ifIXsrSt6__and_IJSt6__not_ISt15__is_tuple_likeIT_EESt21is_move_constructibleIS5_ESt18is_move_assignableIS5_EEE5valueEvE4typeERS5_SF_
                0x08002c52       0x4e ./Core/Src/MG996R.o
                0x08002c52                std::enable_if<std::__and_<std::__not_<std::__is_tuple_like<std::_Any_data> >, std::is_move_constructible<std::_Any_data>, std::is_move_assignable<std::_Any_data> >::value, void>::type std::swap<std::_Any_data>(std::_Any_data&, std::_Any_data&)
 .text._ZSt4swapIPFbRSt9_Any_dataRKS0_St18_Manager_operationEENSt9enable_ifIXsrSt6__and_IJSt6__not_ISt15__is_tuple_likeIT_EESt21is_move_constructibleISB_ESt18is_move_assignableISB_EEE5valueEvE4typeERSB_SL_
                0x08002ca0       0x3e ./Core/Src/MG996R.o
                0x08002ca0                std::enable_if<std::__and_<std::__not_<std::__is_tuple_like<bool (*)(std::_Any_data&, std::_Any_data const&, std::_Manager_operation)> >, std::is_move_constructible<bool (*)(std::_Any_data&, std::_Any_data const&, std::_Manager_operation)>, std::is_move_assignable<bool (*)(std::_Any_data&, std::_Any_data const&, std::_Manager_operation)> >::value, void>::type std::swap<bool (*)(std::_Any_data&, std::_Any_data const&, std::_Manager_operation)>(bool (*&)(std::_Any_data&, std::_Any_data const&, std::_Manager_operation), bool (*&)(std::_Any_data&, std::_Any_data const&, std::_Manager_operation))
 .text._ZSt4swapIPFvRKSt9_Any_dataEENSt9enable_ifIXsrSt6__and_IJSt6__not_ISt15__is_tuple_likeIT_EESt21is_move_constructibleIS9_ESt18is_move_assignableIS9_EEE5valueEvE4typeERS9_SJ_
                0x08002cde       0x3e ./Core/Src/MG996R.o
                0x08002cde                std::enable_if<std::__and_<std::__not_<std::__is_tuple_like<void (*)(std::_Any_data const&)> >, std::is_move_constructible<void (*)(std::_Any_data const&)>, std::is_move_assignable<void (*)(std::_Any_data const&)> >::value, void>::type std::swap<void (*)(std::_Any_data const&)>(void (*&)(std::_Any_data const&), void (*&)(std::_Any_data const&))
 .text._ZNSt14_Function_base13_Base_managerIZN6MG996R13bindCallbacksEvEUlvE_E9_M_createIS2_EEvRSt9_Any_dataOT_St17integral_constantIbLb1EE
                0x08002d1c       0x32 ./Core/Src/MG996R.o
 .text._ZNSt14_Function_base13_Base_managerIZN6MG996R13bindCallbacksEvEUlvE_E14_M_get_pointerERKSt9_Any_data
                0x08002d4e       0x20 ./Core/Src/MG996R.o
 .text._ZSt10__invoke_rIvRZN6MG996R13bindCallbacksEvEUlvE_JEENSt9enable_ifIX16is_invocable_r_vIT_T0_DpT1_EES4_E4typeEOS5_DpOS6_
                0x08002d6e       0x20 ./Core/Src/MG996R.o
 .text._ZNSt9_Any_data9_M_accessIPZN6MG996R13bindCallbacksEvEUlvE_EERT_v
                0x08002d8e       0x18 ./Core/Src/MG996R.o
 *fill*         0x08002da6        0x2 
 .text._ZNSt14_Function_base13_Base_managerIZN6MG996R13bindCallbacksEvEUlvE_E10_M_managerERSt9_Any_dataRKS4_St18_Manager_operation
                0x08002da8       0x74 ./Core/Src/MG996R.o
 .text._ZNSt14_Function_base13_Base_managerIZN6MG996R13bindCallbacksEvEUlvE0_E9_M_createIS2_EEvRSt9_Any_dataOT_St17integral_constantIbLb1EE
                0x08002e1c       0x32 ./Core/Src/MG996R.o
 .text._ZNSt14_Function_base13_Base_managerIZN6MG996R13bindCallbacksEvEUlvE0_E14_M_get_pointerERKSt9_Any_data
                0x08002e4e       0x20 ./Core/Src/MG996R.o
 .text._ZSt10__invoke_rIvRZN6MG996R13bindCallbacksEvEUlvE0_JEENSt9enable_ifIX16is_invocable_r_vIT_T0_DpT1_EES4_E4typeEOS5_DpOS6_
                0x08002e6e       0x20 ./Core/Src/MG996R.o
 .text._ZNSt9_Any_data9_M_accessIPZN6MG996R13bindCallbacksEvEUlvE0_EERT_v
                0x08002e8e       0x18 ./Core/Src/MG996R.o
 *fill*         0x08002ea6        0x2 
 .text._ZNSt14_Function_base13_Base_managerIZN6MG996R13bindCallbacksEvEUlvE0_E10_M_managerERSt9_Any_dataRKS4_St18_Manager_operation
                0x08002ea8       0x74 ./Core/Src/MG996R.o
 .text._ZNSt14_Function_base13_Base_managerIZN6MG996R13bindCallbacksEvEUlvE1_E9_M_createIS2_EEvRSt9_Any_dataOT_St17integral_constantIbLb1EE
                0x08002f1c       0x32 ./Core/Src/MG996R.o
 .text._ZNSt14_Function_base13_Base_managerIZN6MG996R13bindCallbacksEvEUlvE1_E14_M_get_pointerERKSt9_Any_data
                0x08002f4e       0x20 ./Core/Src/MG996R.o
 .text._ZSt10__invoke_rIvRZN6MG996R13bindCallbacksEvEUlvE1_JEENSt9enable_ifIX16is_invocable_r_vIT_T0_DpT1_EES4_E4typeEOS5_DpOS6_
                0x08002f6e       0x20 ./Core/Src/MG996R.o
 .text._ZNSt9_Any_data9_M_accessIPZN6MG996R13bindCallbacksEvEUlvE1_EERT_v
                0x08002f8e       0x18 ./Core/Src/MG996R.o
 *fill*         0x08002fa6        0x2 
 .text._ZNSt14_Function_base13_Base_managerIZN6MG996R13bindCallbacksEvEUlvE1_E10_M_managerERSt9_Any_dataRKS4_St18_Manager_operation
                0x08002fa8       0x74 ./Core/Src/MG996R.o
 .text._ZNSt14_Function_base13_Base_managerIZN6MG996R13bindCallbacksEvEUlvE2_E9_M_createIS2_EEvRSt9_Any_dataOT_St17integral_constantIbLb1EE
                0x0800301c       0x32 ./Core/Src/MG996R.o
 .text._ZNSt14_Function_base13_Base_managerIZN6MG996R13bindCallbacksEvEUlvE2_E14_M_get_pointerERKSt9_Any_data
                0x0800304e       0x20 ./Core/Src/MG996R.o
 .text._ZSt10__invoke_rIvRZN6MG996R13bindCallbacksEvEUlvE2_JEENSt9enable_ifIX16is_invocable_r_vIT_T0_DpT1_EES4_E4typeEOS5_DpOS6_
                0x0800306e       0x20 ./Core/Src/MG996R.o
 .text._ZNSt9_Any_data9_M_accessIPZN6MG996R13bindCallbacksEvEUlvE2_EERT_v
                0x0800308e       0x18 ./Core/Src/MG996R.o
 *fill*         0x080030a6        0x2 
 .text._ZNSt14_Function_base13_Base_managerIZN6MG996R13bindCallbacksEvEUlvE2_E10_M_managerERSt9_Any_dataRKS4_St18_Manager_operation
                0x080030a8       0x74 ./Core/Src/MG996R.o
 .text._ZNSt14_Function_base13_Base_managerIZN6MG996R13bindCallbacksEvEUlvE3_E9_M_createIS2_EEvRSt9_Any_dataOT_St17integral_constantIbLb1EE
                0x0800311c       0x32 ./Core/Src/MG996R.o
 .text._ZNSt14_Function_base13_Base_managerIZN6MG996R13bindCallbacksEvEUlvE3_E14_M_get_pointerERKSt9_Any_data
                0x0800314e       0x20 ./Core/Src/MG996R.o
 .text._ZSt10__invoke_rIvRZN6MG996R13bindCallbacksEvEUlvE3_JEENSt9enable_ifIX16is_invocable_r_vIT_T0_DpT1_EES4_E4typeEOS5_DpOS6_
                0x0800316e       0x20 ./Core/Src/MG996R.o
 .text._ZNSt9_Any_data9_M_accessIPZN6MG996R13bindCallbacksEvEUlvE3_EERT_v
                0x0800318e       0x18 ./Core/Src/MG996R.o
 *fill*         0x080031a6        0x2 
 .text._ZNSt14_Function_base13_Base_managerIZN6MG996R13bindCallbacksEvEUlvE3_E10_M_managerERSt9_Any_dataRKS4_St18_Manager_operation
                0x080031a8       0x74 ./Core/Src/MG996R.o
 .text._ZNSt14_Function_base13_Base_managerIZN6MG996R13bindCallbacksEvEUlvE4_E9_M_createIS2_EEvRSt9_Any_dataOT_St17integral_constantIbLb1EE
                0x0800321c       0x32 ./Core/Src/MG996R.o
 .text._ZNSt14_Function_base13_Base_managerIZN6MG996R13bindCallbacksEvEUlvE4_E14_M_get_pointerERKSt9_Any_data
                0x0800324e       0x20 ./Core/Src/MG996R.o
 .text._ZSt10__invoke_rIvRZN6MG996R13bindCallbacksEvEUlvE4_JEENSt9enable_ifIX16is_invocable_r_vIT_T0_DpT1_EES4_E4typeEOS5_DpOS6_
                0x0800326e       0x20 ./Core/Src/MG996R.o
 .text._ZNSt9_Any_data9_M_accessIPZN6MG996R13bindCallbacksEvEUlvE4_EERT_v
                0x0800328e       0x18 ./Core/Src/MG996R.o
 *fill*         0x080032a6        0x2 
 .text._ZNSt14_Function_base13_Base_managerIZN6MG996R13bindCallbacksEvEUlvE4_E10_M_managerERSt9_Any_dataRKS4_St18_Manager_operation
                0x080032a8       0x74 ./Core/Src/MG996R.o
 .text._ZNSt14_Function_base13_Base_managerIZN6MG996R13bindCallbacksEvEUlvE5_E9_M_createIS2_EEvRSt9_Any_dataOT_St17integral_constantIbLb1EE
                0x0800331c       0x32 ./Core/Src/MG996R.o
 .text._ZNSt14_Function_base13_Base_managerIZN6MG996R13bindCallbacksEvEUlvE5_E14_M_get_pointerERKSt9_Any_data
                0x0800334e       0x20 ./Core/Src/MG996R.o
 .text._ZSt10__invoke_rIvRZN6MG996R13bindCallbacksEvEUlvE5_JEENSt9enable_ifIX16is_invocable_r_vIT_T0_DpT1_EES4_E4typeEOS5_DpOS6_
                0x0800336e       0x20 ./Core/Src/MG996R.o
 .text._ZNSt9_Any_data9_M_accessIPZN6MG996R13bindCallbacksEvEUlvE5_EERT_v
                0x0800338e       0x18 ./Core/Src/MG996R.o
 *fill*         0x080033a6        0x2 
 .text._ZNSt14_Function_base13_Base_managerIZN6MG996R13bindCallbacksEvEUlvE5_E10_M_managerERSt9_Any_dataRKS4_St18_Manager_operation
                0x080033a8       0x74 ./Core/Src/MG996R.o
 .text._ZNSt14_Function_base13_Base_managerIZN6MG996R13bindCallbacksEvEUlvE6_E9_M_createIS2_EEvRSt9_Any_dataOT_St17integral_constantIbLb1EE
                0x0800341c       0x32 ./Core/Src/MG996R.o
 .text._ZNSt14_Function_base13_Base_managerIZN6MG996R13bindCallbacksEvEUlvE6_E14_M_get_pointerERKSt9_Any_data
                0x0800344e       0x20 ./Core/Src/MG996R.o
 .text._ZSt10__invoke_rIvRZN6MG996R13bindCallbacksEvEUlvE6_JEENSt9enable_ifIX16is_invocable_r_vIT_T0_DpT1_EES4_E4typeEOS5_DpOS6_
                0x0800346e       0x20 ./Core/Src/MG996R.o
 .text._ZNSt9_Any_data9_M_accessIPZN6MG996R13bindCallbacksEvEUlvE6_EERT_v
                0x0800348e       0x18 ./Core/Src/MG996R.o
 *fill*         0x080034a6        0x2 
 .text._ZNSt14_Function_base13_Base_managerIZN6MG996R13bindCallbacksEvEUlvE6_E10_M_managerERSt9_Any_dataRKS4_St18_Manager_operation
                0x080034a8       0x74 ./Core/Src/MG996R.o
 .text._ZNSt14_Function_base13_Base_managerIZN6MG996R13bindCallbacksEvEUlvE7_E9_M_createIS2_EEvRSt9_Any_dataOT_St17integral_constantIbLb1EE
                0x0800351c       0x32 ./Core/Src/MG996R.o
 .text._ZNSt14_Function_base13_Base_managerIZN6MG996R13bindCallbacksEvEUlvE7_E14_M_get_pointerERKSt9_Any_data
                0x0800354e       0x20 ./Core/Src/MG996R.o
 .text._ZSt10__invoke_rIvRZN6MG996R13bindCallbacksEvEUlvE7_JEENSt9enable_ifIX16is_invocable_r_vIT_T0_DpT1_EES4_E4typeEOS5_DpOS6_
                0x0800356e       0x20 ./Core/Src/MG996R.o
 .text._ZNSt9_Any_data9_M_accessIPZN6MG996R13bindCallbacksEvEUlvE7_EERT_v
                0x0800358e       0x18 ./Core/Src/MG996R.o
 *fill*         0x080035a6        0x2 
 .text._ZNSt14_Function_base13_Base_managerIZN6MG996R13bindCallbacksEvEUlvE7_E10_M_managerERSt9_Any_dataRKS4_St18_Manager_operation
                0x080035a8       0x74 ./Core/Src/MG996R.o
 .text._ZNSt14_Function_base13_Base_managerIZN6MG996R13bindCallbacksEvEUlvE8_E9_M_createIS2_EEvRSt9_Any_dataOT_St17integral_constantIbLb1EE
                0x0800361c       0x32 ./Core/Src/MG996R.o
 .text._ZNSt14_Function_base13_Base_managerIZN6MG996R13bindCallbacksEvEUlvE8_E14_M_get_pointerERKSt9_Any_data
                0x0800364e       0x20 ./Core/Src/MG996R.o
 .text._ZSt10__invoke_rIvRZN6MG996R13bindCallbacksEvEUlvE8_JEENSt9enable_ifIX16is_invocable_r_vIT_T0_DpT1_EES4_E4typeEOS5_DpOS6_
                0x0800366e       0x20 ./Core/Src/MG996R.o
 .text._ZNSt9_Any_data9_M_accessIPZN6MG996R13bindCallbacksEvEUlvE8_EERT_v
                0x0800368e       0x18 ./Core/Src/MG996R.o
 *fill*         0x080036a6        0x2 
 .text._ZNSt14_Function_base13_Base_managerIZN6MG996R13bindCallbacksEvEUlvE8_E10_M_managerERSt9_Any_dataRKS4_St18_Manager_operation
                0x080036a8       0x74 ./Core/Src/MG996R.o
 .text._ZSt4moveIRSt9_Any_dataEONSt16remove_referenceIT_E4typeEOS3_
                0x0800371c       0x14 ./Core/Src/MG996R.o
                0x0800371c                std::remove_reference<std::_Any_data&>::type&& std::move<std::_Any_data&>(std::_Any_data&)
 .text._ZSt4moveIRPFbRSt9_Any_dataRKS0_St18_Manager_operationEEONSt16remove_referenceIT_E4typeEOS9_
                0x08003730       0x14 ./Core/Src/MG996R.o
                0x08003730                std::remove_reference<bool (*&)(std::_Any_data&, std::_Any_data const&, std::_Manager_operation)>::type&& std::move<bool (*&)(std::_Any_data&, std::_Any_data const&, std::_Manager_operation)>(bool (*&)(std::_Any_data&, std::_Any_data const&, std::_Manager_operation))
 .text._ZSt4moveIRPFvRKSt9_Any_dataEEONSt16remove_referenceIT_E4typeEOS7_
                0x08003744       0x14 ./Core/Src/MG996R.o
                0x08003744                std::remove_reference<void (*&)(std::_Any_data const&)>::type&& std::move<void (*&)(std::_Any_data const&)>(void (*&)(std::_Any_data const&))
 .text._ZNKSt9_Any_data9_M_accessIZN6MG996R13bindCallbacksEvEUlvE_EERKT_v
                0x08003758       0x18 ./Core/Src/MG996R.o
 .text._ZSt11__addressofIKZN6MG996R13bindCallbacksEvEUlvE_EPT_RS3_
                0x08003770       0x14 ./Core/Src/MG996R.o
 .text._ZSt7forwardIRZN6MG996R13bindCallbacksEvEUlvE_EOT_RNSt16remove_referenceIS3_E4typeE
                0x08003784       0x14 ./Core/Src/MG996R.o
 .text._ZSt13__invoke_implIvRZN6MG996R13bindCallbacksEvEUlvE_JEET_St14__invoke_otherOT0_DpOT1_
                0x08003798       0x20 ./Core/Src/MG996R.o
 .text._ZNSt9_Any_data9_M_accessIPKSt9type_infoEERT_v
                0x080037b8       0x18 ./Core/Src/MG996R.o
                0x080037b8                std::type_info const*& std::_Any_data::_M_access<std::type_info const*>()
 .text._ZNSt14_Function_base13_Base_managerIZN6MG996R13bindCallbacksEvEUlvE_E15_M_init_functorIRKS2_EEvRSt9_Any_dataOT_
                0x080037d0       0x24 ./Core/Src/MG996R.o
 .text._ZNSt14_Function_base13_Base_managerIZN6MG996R13bindCallbacksEvEUlvE_E10_M_destroyERSt9_Any_dataSt17integral_constantIbLb1EE
                0x080037f4       0x18 ./Core/Src/MG996R.o
 .text._ZNKSt9_Any_data9_M_accessIZN6MG996R13bindCallbacksEvEUlvE0_EERKT_v
                0x0800380c       0x18 ./Core/Src/MG996R.o
 .text._ZSt11__addressofIKZN6MG996R13bindCallbacksEvEUlvE0_EPT_RS3_
                0x08003824       0x14 ./Core/Src/MG996R.o
 .text._ZSt7forwardIRZN6MG996R13bindCallbacksEvEUlvE0_EOT_RNSt16remove_referenceIS3_E4typeE
                0x08003838       0x14 ./Core/Src/MG996R.o
 .text._ZSt13__invoke_implIvRZN6MG996R13bindCallbacksEvEUlvE0_JEET_St14__invoke_otherOT0_DpOT1_
                0x0800384c       0x20 ./Core/Src/MG996R.o
 .text._ZNSt14_Function_base13_Base_managerIZN6MG996R13bindCallbacksEvEUlvE0_E15_M_init_functorIRKS2_EEvRSt9_Any_dataOT_
                0x0800386c       0x24 ./Core/Src/MG996R.o
 .text._ZNSt14_Function_base13_Base_managerIZN6MG996R13bindCallbacksEvEUlvE0_E10_M_destroyERSt9_Any_dataSt17integral_constantIbLb1EE
                0x08003890       0x18 ./Core/Src/MG996R.o
 .text._ZNKSt9_Any_data9_M_accessIZN6MG996R13bindCallbacksEvEUlvE1_EERKT_v
                0x080038a8       0x18 ./Core/Src/MG996R.o
 .text._ZSt11__addressofIKZN6MG996R13bindCallbacksEvEUlvE1_EPT_RS3_
                0x080038c0       0x14 ./Core/Src/MG996R.o
 .text._ZSt7forwardIRZN6MG996R13bindCallbacksEvEUlvE1_EOT_RNSt16remove_referenceIS3_E4typeE
                0x080038d4       0x14 ./Core/Src/MG996R.o
 .text._ZSt13__invoke_implIvRZN6MG996R13bindCallbacksEvEUlvE1_JEET_St14__invoke_otherOT0_DpOT1_
                0x080038e8       0x20 ./Core/Src/MG996R.o
 .text._ZNSt14_Function_base13_Base_managerIZN6MG996R13bindCallbacksEvEUlvE1_E15_M_init_functorIRKS2_EEvRSt9_Any_dataOT_
                0x08003908       0x24 ./Core/Src/MG996R.o
 .text._ZNSt14_Function_base13_Base_managerIZN6MG996R13bindCallbacksEvEUlvE1_E10_M_destroyERSt9_Any_dataSt17integral_constantIbLb1EE
                0x0800392c       0x18 ./Core/Src/MG996R.o
 .text._ZNKSt9_Any_data9_M_accessIZN6MG996R13bindCallbacksEvEUlvE2_EERKT_v
                0x08003944       0x18 ./Core/Src/MG996R.o
 .text._ZSt11__addressofIKZN6MG996R13bindCallbacksEvEUlvE2_EPT_RS3_
                0x0800395c       0x14 ./Core/Src/MG996R.o
 .text._ZSt7forwardIRZN6MG996R13bindCallbacksEvEUlvE2_EOT_RNSt16remove_referenceIS3_E4typeE
                0x08003970       0x14 ./Core/Src/MG996R.o
 .text._ZSt13__invoke_implIvRZN6MG996R13bindCallbacksEvEUlvE2_JEET_St14__invoke_otherOT0_DpOT1_
                0x08003984       0x20 ./Core/Src/MG996R.o
 .text._ZNSt14_Function_base13_Base_managerIZN6MG996R13bindCallbacksEvEUlvE2_E15_M_init_functorIRKS2_EEvRSt9_Any_dataOT_
                0x080039a4       0x24 ./Core/Src/MG996R.o
 .text._ZNSt14_Function_base13_Base_managerIZN6MG996R13bindCallbacksEvEUlvE2_E10_M_destroyERSt9_Any_dataSt17integral_constantIbLb1EE
                0x080039c8       0x18 ./Core/Src/MG996R.o
 .text._ZNKSt9_Any_data9_M_accessIZN6MG996R13bindCallbacksEvEUlvE3_EERKT_v
                0x080039e0       0x18 ./Core/Src/MG996R.o
 .text._ZSt11__addressofIKZN6MG996R13bindCallbacksEvEUlvE3_EPT_RS3_
                0x080039f8       0x14 ./Core/Src/MG996R.o
 .text._ZSt7forwardIRZN6MG996R13bindCallbacksEvEUlvE3_EOT_RNSt16remove_referenceIS3_E4typeE
                0x08003a0c       0x14 ./Core/Src/MG996R.o
 .text._ZSt13__invoke_implIvRZN6MG996R13bindCallbacksEvEUlvE3_JEET_St14__invoke_otherOT0_DpOT1_
                0x08003a20       0x20 ./Core/Src/MG996R.o
 .text._ZNSt14_Function_base13_Base_managerIZN6MG996R13bindCallbacksEvEUlvE3_E15_M_init_functorIRKS2_EEvRSt9_Any_dataOT_
                0x08003a40       0x24 ./Core/Src/MG996R.o
 .text._ZNSt14_Function_base13_Base_managerIZN6MG996R13bindCallbacksEvEUlvE3_E10_M_destroyERSt9_Any_dataSt17integral_constantIbLb1EE
                0x08003a64       0x18 ./Core/Src/MG996R.o
 .text._ZNKSt9_Any_data9_M_accessIZN6MG996R13bindCallbacksEvEUlvE4_EERKT_v
                0x08003a7c       0x18 ./Core/Src/MG996R.o
 .text._ZSt11__addressofIKZN6MG996R13bindCallbacksEvEUlvE4_EPT_RS3_
                0x08003a94       0x14 ./Core/Src/MG996R.o
 .text._ZSt7forwardIRZN6MG996R13bindCallbacksEvEUlvE4_EOT_RNSt16remove_referenceIS3_E4typeE
                0x08003aa8       0x14 ./Core/Src/MG996R.o
 .text._ZSt13__invoke_implIvRZN6MG996R13bindCallbacksEvEUlvE4_JEET_St14__invoke_otherOT0_DpOT1_
                0x08003abc       0x20 ./Core/Src/MG996R.o
 .text._ZNSt14_Function_base13_Base_managerIZN6MG996R13bindCallbacksEvEUlvE4_E15_M_init_functorIRKS2_EEvRSt9_Any_dataOT_
                0x08003adc       0x24 ./Core/Src/MG996R.o
 .text._ZNSt14_Function_base13_Base_managerIZN6MG996R13bindCallbacksEvEUlvE4_E10_M_destroyERSt9_Any_dataSt17integral_constantIbLb1EE
                0x08003b00       0x18 ./Core/Src/MG996R.o
 .text._ZNKSt9_Any_data9_M_accessIZN6MG996R13bindCallbacksEvEUlvE5_EERKT_v
                0x08003b18       0x18 ./Core/Src/MG996R.o
 .text._ZSt11__addressofIKZN6MG996R13bindCallbacksEvEUlvE5_EPT_RS3_
                0x08003b30       0x14 ./Core/Src/MG996R.o
 .text._ZSt7forwardIRZN6MG996R13bindCallbacksEvEUlvE5_EOT_RNSt16remove_referenceIS3_E4typeE
                0x08003b44       0x14 ./Core/Src/MG996R.o
 .text._ZSt13__invoke_implIvRZN6MG996R13bindCallbacksEvEUlvE5_JEET_St14__invoke_otherOT0_DpOT1_
                0x08003b58       0x20 ./Core/Src/MG996R.o
 .text._ZNSt14_Function_base13_Base_managerIZN6MG996R13bindCallbacksEvEUlvE5_E15_M_init_functorIRKS2_EEvRSt9_Any_dataOT_
                0x08003b78       0x24 ./Core/Src/MG996R.o
 .text._ZNSt14_Function_base13_Base_managerIZN6MG996R13bindCallbacksEvEUlvE5_E10_M_destroyERSt9_Any_dataSt17integral_constantIbLb1EE
                0x08003b9c       0x18 ./Core/Src/MG996R.o
 .text._ZNKSt9_Any_data9_M_accessIZN6MG996R13bindCallbacksEvEUlvE6_EERKT_v
                0x08003bb4       0x18 ./Core/Src/MG996R.o
 .text._ZSt11__addressofIKZN6MG996R13bindCallbacksEvEUlvE6_EPT_RS3_
                0x08003bcc       0x14 ./Core/Src/MG996R.o
 .text._ZSt7forwardIRZN6MG996R13bindCallbacksEvEUlvE6_EOT_RNSt16remove_referenceIS3_E4typeE
                0x08003be0       0x14 ./Core/Src/MG996R.o
 .text._ZSt13__invoke_implIvRZN6MG996R13bindCallbacksEvEUlvE6_JEET_St14__invoke_otherOT0_DpOT1_
                0x08003bf4       0x20 ./Core/Src/MG996R.o
 .text._ZNSt14_Function_base13_Base_managerIZN6MG996R13bindCallbacksEvEUlvE6_E15_M_init_functorIRKS2_EEvRSt9_Any_dataOT_
                0x08003c14       0x24 ./Core/Src/MG996R.o
 .text._ZNSt14_Function_base13_Base_managerIZN6MG996R13bindCallbacksEvEUlvE6_E10_M_destroyERSt9_Any_dataSt17integral_constantIbLb1EE
                0x08003c38       0x18 ./Core/Src/MG996R.o
 .text._ZNKSt9_Any_data9_M_accessIZN6MG996R13bindCallbacksEvEUlvE7_EERKT_v
                0x08003c50       0x18 ./Core/Src/MG996R.o
 .text._ZSt11__addressofIKZN6MG996R13bindCallbacksEvEUlvE7_EPT_RS3_
                0x08003c68       0x14 ./Core/Src/MG996R.o
 .text._ZSt7forwardIRZN6MG996R13bindCallbacksEvEUlvE7_EOT_RNSt16remove_referenceIS3_E4typeE
                0x08003c7c       0x14 ./Core/Src/MG996R.o
 .text._ZSt13__invoke_implIvRZN6MG996R13bindCallbacksEvEUlvE7_JEET_St14__invoke_otherOT0_DpOT1_
                0x08003c90       0x20 ./Core/Src/MG996R.o
 .text._ZNSt14_Function_base13_Base_managerIZN6MG996R13bindCallbacksEvEUlvE7_E15_M_init_functorIRKS2_EEvRSt9_Any_dataOT_
                0x08003cb0       0x24 ./Core/Src/MG996R.o
 .text._ZNSt14_Function_base13_Base_managerIZN6MG996R13bindCallbacksEvEUlvE7_E10_M_destroyERSt9_Any_dataSt17integral_constantIbLb1EE
                0x08003cd4       0x18 ./Core/Src/MG996R.o
 .text._ZNKSt9_Any_data9_M_accessIZN6MG996R13bindCallbacksEvEUlvE8_EERKT_v
                0x08003cec       0x18 ./Core/Src/MG996R.o
 .text._ZSt11__addressofIKZN6MG996R13bindCallbacksEvEUlvE8_EPT_RS3_
                0x08003d04       0x14 ./Core/Src/MG996R.o
 .text._ZSt7forwardIRZN6MG996R13bindCallbacksEvEUlvE8_EOT_RNSt16remove_referenceIS3_E4typeE
                0x08003d18       0x14 ./Core/Src/MG996R.o
 .text._ZSt13__invoke_implIvRZN6MG996R13bindCallbacksEvEUlvE8_JEET_St14__invoke_otherOT0_DpOT1_
                0x08003d2c       0x20 ./Core/Src/MG996R.o
 .text._ZNSt14_Function_base13_Base_managerIZN6MG996R13bindCallbacksEvEUlvE8_E15_M_init_functorIRKS2_EEvRSt9_Any_dataOT_
                0x08003d4c       0x24 ./Core/Src/MG996R.o
 .text._ZNSt14_Function_base13_Base_managerIZN6MG996R13bindCallbacksEvEUlvE8_E10_M_destroyERSt9_Any_dataSt17integral_constantIbLb1EE
                0x08003d70       0x18 ./Core/Src/MG996R.o
 .text._ZSt7forwardIRKZN6MG996R13bindCallbacksEvEUlvE_EOT_RNSt16remove_referenceIS4_E4typeE
                0x08003d88       0x14 ./Core/Src/MG996R.o
 .text._ZNSt14_Function_base13_Base_managerIZN6MG996R13bindCallbacksEvEUlvE_E9_M_createIRKS2_EEvRSt9_Any_dataOT_St17integral_constantIbLb1EE
                0x08003d9c       0x32 ./Core/Src/MG996R.o
 .text._ZNSt9_Any_data9_M_accessIZN6MG996R13bindCallbacksEvEUlvE_EERT_v
                0x08003dce       0x18 ./Core/Src/MG996R.o
 .text._ZSt7forwardIRKZN6MG996R13bindCallbacksEvEUlvE0_EOT_RNSt16remove_referenceIS4_E4typeE
                0x08003de6       0x14 ./Core/Src/MG996R.o
 .text._ZNSt14_Function_base13_Base_managerIZN6MG996R13bindCallbacksEvEUlvE0_E9_M_createIRKS2_EEvRSt9_Any_dataOT_St17integral_constantIbLb1EE
                0x08003dfa       0x32 ./Core/Src/MG996R.o
 .text._ZNSt9_Any_data9_M_accessIZN6MG996R13bindCallbacksEvEUlvE0_EERT_v
                0x08003e2c       0x18 ./Core/Src/MG996R.o
 .text._ZSt7forwardIRKZN6MG996R13bindCallbacksEvEUlvE1_EOT_RNSt16remove_referenceIS4_E4typeE
                0x08003e44       0x14 ./Core/Src/MG996R.o
 .text._ZNSt14_Function_base13_Base_managerIZN6MG996R13bindCallbacksEvEUlvE1_E9_M_createIRKS2_EEvRSt9_Any_dataOT_St17integral_constantIbLb1EE
                0x08003e58       0x32 ./Core/Src/MG996R.o
 .text._ZNSt9_Any_data9_M_accessIZN6MG996R13bindCallbacksEvEUlvE1_EERT_v
                0x08003e8a       0x18 ./Core/Src/MG996R.o
 .text._ZSt7forwardIRKZN6MG996R13bindCallbacksEvEUlvE2_EOT_RNSt16remove_referenceIS4_E4typeE
                0x08003ea2       0x14 ./Core/Src/MG996R.o
 .text._ZNSt14_Function_base13_Base_managerIZN6MG996R13bindCallbacksEvEUlvE2_E9_M_createIRKS2_EEvRSt9_Any_dataOT_St17integral_constantIbLb1EE
                0x08003eb6       0x32 ./Core/Src/MG996R.o
 .text._ZNSt9_Any_data9_M_accessIZN6MG996R13bindCallbacksEvEUlvE2_EERT_v
                0x08003ee8       0x18 ./Core/Src/MG996R.o
 .text._ZSt7forwardIRKZN6MG996R13bindCallbacksEvEUlvE3_EOT_RNSt16remove_referenceIS4_E4typeE
                0x08003f00       0x14 ./Core/Src/MG996R.o
 .text._ZNSt14_Function_base13_Base_managerIZN6MG996R13bindCallbacksEvEUlvE3_E9_M_createIRKS2_EEvRSt9_Any_dataOT_St17integral_constantIbLb1EE
                0x08003f14       0x32 ./Core/Src/MG996R.o
 .text._ZNSt9_Any_data9_M_accessIZN6MG996R13bindCallbacksEvEUlvE3_EERT_v
                0x08003f46       0x18 ./Core/Src/MG996R.o
 .text._ZSt7forwardIRKZN6MG996R13bindCallbacksEvEUlvE4_EOT_RNSt16remove_referenceIS4_E4typeE
                0x08003f5e       0x14 ./Core/Src/MG996R.o
 .text._ZNSt14_Function_base13_Base_managerIZN6MG996R13bindCallbacksEvEUlvE4_E9_M_createIRKS2_EEvRSt9_Any_dataOT_St17integral_constantIbLb1EE
                0x08003f72       0x32 ./Core/Src/MG996R.o
 .text._ZNSt9_Any_data9_M_accessIZN6MG996R13bindCallbacksEvEUlvE4_EERT_v
                0x08003fa4       0x18 ./Core/Src/MG996R.o
 .text._ZSt7forwardIRKZN6MG996R13bindCallbacksEvEUlvE5_EOT_RNSt16remove_referenceIS4_E4typeE
                0x08003fbc       0x14 ./Core/Src/MG996R.o
 .text._ZNSt14_Function_base13_Base_managerIZN6MG996R13bindCallbacksEvEUlvE5_E9_M_createIRKS2_EEvRSt9_Any_dataOT_St17integral_constantIbLb1EE
                0x08003fd0       0x32 ./Core/Src/MG996R.o
 .text._ZNSt9_Any_data9_M_accessIZN6MG996R13bindCallbacksEvEUlvE5_EERT_v
                0x08004002       0x18 ./Core/Src/MG996R.o
 .text._ZSt7forwardIRKZN6MG996R13bindCallbacksEvEUlvE6_EOT_RNSt16remove_referenceIS4_E4typeE
                0x0800401a       0x14 ./Core/Src/MG996R.o
 .text._ZNSt14_Function_base13_Base_managerIZN6MG996R13bindCallbacksEvEUlvE6_E9_M_createIRKS2_EEvRSt9_Any_dataOT_St17integral_constantIbLb1EE
                0x0800402e       0x32 ./Core/Src/MG996R.o
 .text._ZNSt9_Any_data9_M_accessIZN6MG996R13bindCallbacksEvEUlvE6_EERT_v
                0x08004060       0x18 ./Core/Src/MG996R.o
 .text._ZSt7forwardIRKZN6MG996R13bindCallbacksEvEUlvE7_EOT_RNSt16remove_referenceIS4_E4typeE
                0x08004078       0x14 ./Core/Src/MG996R.o
 .text._ZNSt14_Function_base13_Base_managerIZN6MG996R13bindCallbacksEvEUlvE7_E9_M_createIRKS2_EEvRSt9_Any_dataOT_St17integral_constantIbLb1EE
                0x0800408c       0x32 ./Core/Src/MG996R.o
 .text._ZNSt9_Any_data9_M_accessIZN6MG996R13bindCallbacksEvEUlvE7_EERT_v
                0x080040be       0x18 ./Core/Src/MG996R.o
 .text._ZSt7forwardIRKZN6MG996R13bindCallbacksEvEUlvE8_EOT_RNSt16remove_referenceIS4_E4typeE
                0x080040d6       0x14 ./Core/Src/MG996R.o
 .text._ZNSt14_Function_base13_Base_managerIZN6MG996R13bindCallbacksEvEUlvE8_E9_M_createIRKS2_EEvRSt9_Any_dataOT_St17integral_constantIbLb1EE
                0x080040ea       0x32 ./Core/Src/MG996R.o
 .text._ZNSt9_Any_data9_M_accessIZN6MG996R13bindCallbacksEvEUlvE8_EERT_v
                0x0800411c       0x18 ./Core/Src/MG996R.o
 .text.MX_ADC1_Init
                0x08004134       0x7c ./Core/Src/adc.o
                0x08004134                MX_ADC1_Init
 .text.HAL_ADC_MspInit
                0x080041b0       0x78 ./Core/Src/adc.o
                0x080041b0                HAL_ADC_MspInit
 .text._ZSt23__is_constant_evaluatedv
                0x08004228        0xe ./Core/Src/control.o
                0x08004228                std::__is_constant_evaluated()
 .text._ZSt3absf
                0x08004236       0x18 ./Core/Src/control.o
                0x08004236                std::abs(float)
 .text._ZN5SWPID5resetEv
                0x0800424e       0x32 ./Core/Src/control.o
                0x0800424e                SWPID::reset()
 .text._ZN5SWPID4stepEff
                0x08004280      0x280 ./Core/Src/control.o
                0x08004280                SWPID::step(float, float)
 .text._ZN5SWPID15changeParameterENS_15ControllerParamEf
                0x08004500       0x7c ./Core/Src/control.o
                0x08004500                SWPID::changeParameter(SWPID::ControllerParam, float)
 .text._ZN14AngleUnwrapper6updateEt
                0x0800457c       0x8e ./Core/Src/control.o
                0x0800457c                AngleUnwrapper::update(unsigned short)
 .text._ZSt5clampIfERKT_S2_S2_S2_
                0x0800460a       0x50 ./Core/Src/control.o
                0x0800460a                float const& std::clamp<float>(float const&, float const&, float const&)
 .text._ZSt3maxIfERKT_S2_S2_
                0x0800465a       0x2e ./Core/Src/control.o
                0x0800465a                float const& std::max<float>(float const&, float const&)
 .text._ZSt3minIfERKT_S2_S2_
                0x08004688       0x2e ./Core/Src/control.o
                0x08004688                float const& std::min<float>(float const&, float const&)
 *fill*         0x080046b6        0x2 
 .text.MX_GPIO_Init
                0x080046b8       0x44 ./Core/Src/gpio.o
                0x080046b8                MX_GPIO_Init
 .text.MX_I2C1_Init
                0x080046fc       0x5c ./Core/Src/i2c.o
                0x080046fc                MX_I2C1_Init
 .text.MX_I2C2_Init
                0x08004758       0x5c ./Core/Src/i2c.o
                0x08004758                MX_I2C2_Init
 .text.HAL_I2C_MspInit
                0x080047b4      0x1a4 ./Core/Src/i2c.o
                0x080047b4                HAL_I2C_MspInit
 .text.HAL_I2C_MspDeInit
                0x08004958       0x94 ./Core/Src/i2c.o
                0x08004958                HAL_I2C_MspDeInit
 .text._ZN3I2C6DeviceC2Ehm
                0x080049ec       0x30 ./Core/Src/i2c_device.o
                0x080049ec                I2C::Device::Device(unsigned char, unsigned long)
                0x080049ec                I2C::Device::Device(unsigned char, unsigned long)
 .text._ZN3I2C6DeviceD2Ev
                0x08004a1c       0x14 ./Core/Src/i2c_device.o
                0x08004a1c                I2C::Device::~Device()
                0x08004a1c                I2C::Device::~Device()
 .text._ZN3I2C6Device10acquireBusEv
                0x08004a30       0x20 ./Core/Src/i2c_device.o
                0x08004a30                I2C::Device::acquireBus()
 .text._ZN3I2C6Device10releaseBusEv
                0x08004a50       0x12 ./Core/Src/i2c_device.o
                0x08004a50                I2C::Device::releaseBus()
 *fill*         0x08004a62        0x2 
 .text._ZN3I2C16IVirtualRegisterC2EhhNS_12RegisterModeE
                0x08004a64       0x6c ./Core/Src/main.o
                0x08004a64                I2C::IVirtualRegister::IVirtualRegister(unsigned char, unsigned char, I2C::RegisterMode)
                0x08004a64                I2C::IVirtualRegister::IVirtualRegister(unsigned char, unsigned char, I2C::RegisterMode)
 .text._ZN3I2C16IVirtualRegisterD2Ev
                0x08004ad0       0x38 ./Core/Src/main.o
                0x08004ad0                I2C::IVirtualRegister::~IVirtualRegister()
                0x08004ad0                I2C::IVirtualRegister::~IVirtualRegister()
 .text._ZN3I2C16IVirtualRegisterD0Ev
                0x08004b08       0x20 ./Core/Src/main.o
                0x08004b08                I2C::IVirtualRegister::~IVirtualRegister()
 .text._ZNK3I2C16IVirtualRegister4sizeEv
                0x08004b28       0x16 ./Core/Src/main.o
                0x08004b28                I2C::IVirtualRegister::size() const
 .text._ZNK3I2C16IVirtualRegister7addressEv
                0x08004b3e       0x16 ./Core/Src/main.o
                0x08004b3e                I2C::IVirtualRegister::address() const
 .text._ZN3I2C16IVirtualRegister7rawReadEv
                0x08004b54       0x16 ./Core/Src/main.o
                0x08004b54                I2C::IVirtualRegister::rawRead()
 .text._ZN3I2C16IVirtualRegister8rawWriteEPKhj
                0x08004b6a       0x5a ./Core/Src/main.o
                0x08004b6a                I2C::IVirtualRegister::rawWrite(unsigned char const*, unsigned int)
 .text._ZN3I2C11RegisterMapC2Ev
                0x08004bc4       0x1c ./Core/Src/main.o
                0x08004bc4                I2C::RegisterMap::RegisterMap()
                0x08004bc4                I2C::RegisterMap::RegisterMap()
 .text._ZN3I2C11RegisterMap6appendERNS_16IVirtualRegisterE
                0x08004be0       0x4c ./Core/Src/main.o
                0x08004be0                I2C::RegisterMap::append(I2C::IVirtualRegister&)
 .text._ZN3I2C11RegisterMap6accessEh
                0x08004c2c       0x4a ./Core/Src/main.o
                0x08004c2c                I2C::RegisterMap::access(unsigned char)
 .text._ZN3I2C5SlaveC2ERNS_11RegisterMapE
                0x08004c76       0x40 ./Core/Src/main.o
                0x08004c76                I2C::Slave::Slave(I2C::RegisterMap&)
                0x08004c76                I2C::Slave::Slave(I2C::RegisterMap&)
 .text._ZN3I2C5Slave11onAddrMatchEh
                0x08004cb6       0x7e ./Core/Src/main.o
                0x08004cb6                I2C::Slave::onAddrMatch(unsigned char)
 .text._ZN3I2C5Slave17onReceiveCompleteEv
                0x08004d34       0x70 ./Core/Src/main.o
                0x08004d34                I2C::Slave::onReceiveComplete()
 .text._ZN3I2C5Slave18onTransmitCompleteEv
                0x08004da4       0x26 ./Core/Src/main.o
                0x08004da4                I2C::Slave::onTransmitComplete()
 .text._ZN3I2C5Slave16onListenCompleteEv
                0x08004dca       0x20 ./Core/Src/main.o
                0x08004dca                I2C::Slave::onListenComplete()
 .text._ZN3I2C5Slave7onErrorEv
                0x08004dea       0x4c ./Core/Src/main.o
                0x08004dea                I2C::Slave::onError()
 .text._ZN3I2C5Slave19processReceivedDataEv
                0x08004e36       0x42 ./Core/Src/main.o
                0x08004e36                I2C::Slave::processReceivedData()
 .text._ZN6AS5600C2Ehm
                0x08004e78       0x32 ./Core/Src/main.o
                0x08004e78                AS5600::AS5600(unsigned char, unsigned long)
                0x08004e78                AS5600::AS5600(unsigned char, unsigned long)
 *fill*         0x08004eaa        0x2 
 .text._ZN5SWPIDC2Effff
                0x08004eac       0x58 ./Core/Src/main.o
                0x08004eac                SWPID::SWPID(float, float, float, float)
                0x08004eac                SWPID::SWPID(float, float, float, float)
 .text._ZN14AngleUnwrapperC2Et
                0x08004f04       0x30 ./Core/Src/main.o
                0x08004f04                AngleUnwrapper::AngleUnwrapper(unsigned short)
                0x08004f04                AngleUnwrapper::AngleUnwrapper(unsigned short)
 .text._ZN7DRV8870C2Emmt
                0x08004f34       0x64 ./Core/Src/main.o
                0x08004f34                DRV8870::DRV8870(unsigned long, unsigned long, unsigned short)
                0x08004f34                DRV8870::DRV8870(unsigned long, unsigned long, unsigned short)
 .text._ZN3I2C15VirtualRegisterIfED2Ev
                0x08004f98       0x24 ./Core/Src/main.o
                0x08004f98                I2C::VirtualRegister<float>::~VirtualRegister()
                0x08004f98                I2C::VirtualRegister<float>::~VirtualRegister()
 .text._ZN3I2C15VirtualRegisterIfED0Ev
                0x08004fbc       0x20 ./Core/Src/main.o
                0x08004fbc                I2C::VirtualRegister<float>::~VirtualRegister()
 .text._ZN3I2C15VirtualRegisterItED2Ev
                0x08004fdc       0x24 ./Core/Src/main.o
                0x08004fdc                I2C::VirtualRegister<unsigned short>::~VirtualRegister()
                0x08004fdc                I2C::VirtualRegister<unsigned short>::~VirtualRegister()
 .text._ZN3I2C15VirtualRegisterItED0Ev
                0x08005000       0x20 ./Core/Src/main.o
                0x08005000                I2C::VirtualRegister<unsigned short>::~VirtualRegister()
 .text._ZN3I2C15VirtualRegisterIlED2Ev
                0x08005020       0x24 ./Core/Src/main.o
                0x08005020                I2C::VirtualRegister<long>::~VirtualRegister()
                0x08005020                I2C::VirtualRegister<long>::~VirtualRegister()
 .text._ZN3I2C15VirtualRegisterIlED0Ev
                0x08005044       0x20 ./Core/Src/main.o
                0x08005044                I2C::VirtualRegister<long>::~VirtualRegister()
 .text._ZN3I2C15VirtualRegisterIhED2Ev
                0x08005064       0x24 ./Core/Src/main.o
                0x08005064                I2C::VirtualRegister<unsigned char>::~VirtualRegister()
                0x08005064                I2C::VirtualRegister<unsigned char>::~VirtualRegister()
 .text._ZN3I2C15VirtualRegisterIhED0Ev
                0x08005088       0x20 ./Core/Src/main.o
                0x08005088                I2C::VirtualRegister<unsigned char>::~VirtualRegister()
 .text._ZN6AS5600D2Ev
                0x080050a8       0x1a ./Core/Src/main.o
                0x080050a8                AS5600::~AS5600()
                0x080050a8                AS5600::~AS5600()
 *fill*         0x080050c2        0x2 
 .text._ZN6MG996RC2Ev
                0x080050c4      0x1f0 ./Core/Src/main.o
                0x080050c4                MG996R::MG996R()
                0x080050c4                MG996R::MG996R()
 .text.HAL_TIM_PeriodElapsedCallback
                0x080052b4       0x2c ./Core/Src/main.o
                0x080052b4                HAL_TIM_PeriodElapsedCallback
 .text.HAL_I2C_ListenCpltCallback
                0x080052e0       0x28 ./Core/Src/main.o
                0x080052e0                HAL_I2C_ListenCpltCallback
 .text.HAL_I2C_AddrCallback
                0x08005308       0x34 ./Core/Src/main.o
                0x08005308                HAL_I2C_AddrCallback
 .text.HAL_I2C_SlaveTxCpltCallback
                0x0800533c       0x28 ./Core/Src/main.o
                0x0800533c                HAL_I2C_SlaveTxCpltCallback
 .text.HAL_I2C_SlaveRxCpltCallback
                0x08005364       0x28 ./Core/Src/main.o
                0x08005364                HAL_I2C_SlaveRxCpltCallback
 .text.HAL_I2C_ErrorCallback
                0x0800538c       0x28 ./Core/Src/main.o
                0x0800538c                HAL_I2C_ErrorCallback
 .text.main     0x080053b4       0x68 ./Core/Src/main.o
                0x080053b4                main
 .text._Z18SystemClock_Configv
                0x0800541c       0xcc ./Core/Src/main.o
                0x0800541c                SystemClock_Config()
 .text.Error_Handler
                0x080054e8        0xc ./Core/Src/main.o
                0x080054e8                Error_Handler
 .text._ZNSt8functionIFvvEEC2Ev
                0x080054f4       0x2c ./Core/Src/main.o
                0x080054f4                std::function<void ()>::function()
                0x080054f4                std::function<void ()>::function()
 .text._ZN3I2C15VirtualRegisterIfEC2EhRNS_11RegisterMapENS_12RegisterModeE
                0x08005520       0x40 ./Core/Src/main.o
                0x08005520                I2C::VirtualRegister<float>::VirtualRegister(unsigned char, I2C::RegisterMap&, I2C::RegisterMode)
                0x08005520                I2C::VirtualRegister<float>::VirtualRegister(unsigned char, I2C::RegisterMap&, I2C::RegisterMode)
 .text._ZN3I2C15VirtualRegisterItEC2EhRNS_11RegisterMapENS_12RegisterModeE
                0x08005560       0x40 ./Core/Src/main.o
                0x08005560                I2C::VirtualRegister<unsigned short>::VirtualRegister(unsigned char, I2C::RegisterMap&, I2C::RegisterMode)
                0x08005560                I2C::VirtualRegister<unsigned short>::VirtualRegister(unsigned char, I2C::RegisterMap&, I2C::RegisterMode)
 .text._ZN3I2C15VirtualRegisterIlEC2EhRNS_11RegisterMapENS_12RegisterModeE
                0x080055a0       0x40 ./Core/Src/main.o
                0x080055a0                I2C::VirtualRegister<long>::VirtualRegister(unsigned char, I2C::RegisterMap&, I2C::RegisterMode)
                0x080055a0                I2C::VirtualRegister<long>::VirtualRegister(unsigned char, I2C::RegisterMap&, I2C::RegisterMode)
 .text._ZN3I2C15VirtualRegisterIhEC2EhRNS_11RegisterMapENS_12RegisterModeE
                0x080055e0       0x40 ./Core/Src/main.o
                0x080055e0                I2C::VirtualRegister<unsigned char>::VirtualRegister(unsigned char, I2C::RegisterMap&, I2C::RegisterMode)
                0x080055e0                I2C::VirtualRegister<unsigned char>::VirtualRegister(unsigned char, I2C::RegisterMap&, I2C::RegisterMode)
 .text._Z41__static_initialization_and_destruction_0v
                0x08005620       0x14 ./Core/Src/main.o
 .text._ZN6MG996RD2Ev
                0x08005634       0xf6 ./Core/Src/main.o
                0x08005634                MG996R::~MG996R()
                0x08005634                MG996R::~MG996R()
 *fill*         0x0800572a        0x2 
 .text._Z41__static_initialization_and_destruction_1v
                0x0800572c       0x14 ./Core/Src/main.o
 .text._GLOBAL__sub_I_control_loop_flag
                0x08005740        0xa ./Core/Src/main.o
 .text._GLOBAL__sub_D_control_loop_flag
                0x0800574a        0xa ./Core/Src/main.o
 .text.HAL_MspInit
                0x08005754       0x64 ./Core/Src/stm32f1xx_hal_msp.o
                0x08005754                HAL_MspInit
 .text.NMI_Handler
                0x080057b8        0x8 ./Core/Src/stm32f1xx_it.o
                0x080057b8                NMI_Handler
 .text.HardFault_Handler
                0x080057c0        0x8 ./Core/Src/stm32f1xx_it.o
                0x080057c0                HardFault_Handler
 .text.MemManage_Handler
                0x080057c8        0x8 ./Core/Src/stm32f1xx_it.o
                0x080057c8                MemManage_Handler
 .text.BusFault_Handler
                0x080057d0        0x8 ./Core/Src/stm32f1xx_it.o
                0x080057d0                BusFault_Handler
 .text.UsageFault_Handler
                0x080057d8        0x8 ./Core/Src/stm32f1xx_it.o
                0x080057d8                UsageFault_Handler
 .text.SVC_Handler
                0x080057e0        0xc ./Core/Src/stm32f1xx_it.o
                0x080057e0                SVC_Handler
 .text.DebugMon_Handler
                0x080057ec        0xc ./Core/Src/stm32f1xx_it.o
                0x080057ec                DebugMon_Handler
 .text.PendSV_Handler
                0x080057f8        0xc ./Core/Src/stm32f1xx_it.o
                0x080057f8                PendSV_Handler
 .text.SysTick_Handler
                0x08005804        0xc ./Core/Src/stm32f1xx_it.o
                0x08005804                SysTick_Handler
 .text.DMA1_Channel6_IRQHandler
                0x08005810       0x14 ./Core/Src/stm32f1xx_it.o
                0x08005810                DMA1_Channel6_IRQHandler
 .text.DMA1_Channel7_IRQHandler
                0x08005824       0x14 ./Core/Src/stm32f1xx_it.o
                0x08005824                DMA1_Channel7_IRQHandler
 .text.TIM3_IRQHandler
                0x08005838       0x14 ./Core/Src/stm32f1xx_it.o
                0x08005838                TIM3_IRQHandler
 .text.I2C1_EV_IRQHandler
                0x0800584c       0x14 ./Core/Src/stm32f1xx_it.o
                0x0800584c                I2C1_EV_IRQHandler
 .text.I2C1_ER_IRQHandler
                0x08005860       0x14 ./Core/Src/stm32f1xx_it.o
                0x08005860                I2C1_ER_IRQHandler
 .text._getpid  0x08005874        0xe ./Core/Src/syscalls.o
                0x08005874                _getpid
 .text._kill    0x08005882       0x20 ./Core/Src/syscalls.o
                0x08005882                _kill
 .text._exit    0x080058a2       0x16 ./Core/Src/syscalls.o
                0x080058a2                _exit
 .text._sbrk    0x080058b8       0x6c ./Core/Src/sysmem.o
                0x080058b8                _sbrk
 .text.SystemInit
                0x08005924        0xc ./Core/Src/system_stm32f1xx.o
                0x08005924                SystemInit
 .text.MX_TIM2_Init
                0x08005930      0x100 ./Core/Src/tim.o
                0x08005930                MX_TIM2_Init
 .text.MX_TIM3_Init
                0x08005a30       0x9c ./Core/Src/tim.o
                0x08005a30                MX_TIM3_Init
 .text.HAL_TIM_Base_MspInit
                0x08005acc       0x70 ./Core/Src/tim.o
                0x08005acc                HAL_TIM_Base_MspInit
 .text.HAL_TIM_MspPostInit
                0x08005b3c       0x60 ./Core/Src/tim.o
                0x08005b3c                HAL_TIM_MspPostInit
 .text.Reset_Handler
                0x08005b9c       0x48 ./Core/Startup/startup_stm32f103c8tx.o
                0x08005b9c                Reset_Handler
 .text.Default_Handler
                0x08005be4        0x2 ./Core/Startup/startup_stm32f103c8tx.o
                0x08005be4                RTC_Alarm_IRQHandler
                0x08005be4                EXTI2_IRQHandler
                0x08005be4                TIM1_CC_IRQHandler
                0x08005be4                PVD_IRQHandler
                0x08005be4                EXTI3_IRQHandler
                0x08005be4                EXTI0_IRQHandler
                0x08005be4                I2C2_EV_IRQHandler
                0x08005be4                ADC1_2_IRQHandler
                0x08005be4                SPI1_IRQHandler
                0x08005be4                TAMPER_IRQHandler
                0x08005be4                DMA1_Channel4_IRQHandler
                0x08005be4                USART3_IRQHandler
                0x08005be4                RTC_IRQHandler
                0x08005be4                CAN1_RX1_IRQHandler
                0x08005be4                TIM4_IRQHandler
                0x08005be4                RCC_IRQHandler
                0x08005be4                TIM1_TRG_COM_IRQHandler
                0x08005be4                DMA1_Channel1_IRQHandler
                0x08005be4                Default_Handler
                0x08005be4                EXTI15_10_IRQHandler
                0x08005be4                EXTI9_5_IRQHandler
                0x08005be4                SPI2_IRQHandler
                0x08005be4                DMA1_Channel5_IRQHandler
                0x08005be4                EXTI4_IRQHandler
                0x08005be4                USB_LP_CAN1_RX0_IRQHandler
                0x08005be4                USB_HP_CAN1_TX_IRQHandler
                0x08005be4                DMA1_Channel3_IRQHandler
                0x08005be4                TIM1_UP_IRQHandler
                0x08005be4                WWDG_IRQHandler
                0x08005be4                TIM2_IRQHandler
                0x08005be4                TIM1_BRK_IRQHandler
                0x08005be4                EXTI1_IRQHandler
                0x08005be4                USART2_IRQHandler
                0x08005be4                I2C2_ER_IRQHandler
                0x08005be4                DMA1_Channel2_IRQHandler
                0x08005be4                CAN1_SCE_IRQHandler
                0x08005be4                FLASH_IRQHandler
                0x08005be4                USART1_IRQHandler
                0x08005be4                USBWakeUp_IRQHandler
 *fill*         0x08005be6        0x2 
 .text.HAL_Init
                0x08005be8       0x2c ./Drivers/STM32F1xx_HAL_Driver/Src/stm32f1xx_hal.o
                0x08005be8                HAL_Init
 .text.HAL_InitTick
                0x08005c14       0x60 ./Drivers/STM32F1xx_HAL_Driver/Src/stm32f1xx_hal.o
                0x08005c14                HAL_InitTick
 .text.HAL_IncTick
                0x08005c74       0x24 ./Drivers/STM32F1xx_HAL_Driver/Src/stm32f1xx_hal.o
                0x08005c74                HAL_IncTick
 .text.HAL_GetTick
                0x08005c98       0x14 ./Drivers/STM32F1xx_HAL_Driver/Src/stm32f1xx_hal.o
                0x08005c98                HAL_GetTick
 .text.HAL_ADC_Init
                0x08005cac      0x1b0 ./Drivers/STM32F1xx_HAL_Driver/Src/stm32f1xx_hal_adc.o
                0x08005cac                HAL_ADC_Init
 .text.HAL_ADC_ConfigChannel
                0x08005e5c      0x1f0 ./Drivers/STM32F1xx_HAL_Driver/Src/stm32f1xx_hal_adc.o
                0x08005e5c                HAL_ADC_ConfigChannel
 .text.ADC_ConversionStop_Disable
                0x0800604c       0x82 ./Drivers/STM32F1xx_HAL_Driver/Src/stm32f1xx_hal_adc.o
                0x0800604c                ADC_ConversionStop_Disable
 *fill*         0x080060ce        0x2 
 .text.__NVIC_SetPriorityGrouping
                0x080060d0       0x48 ./Drivers/STM32F1xx_HAL_Driver/Src/stm32f1xx_hal_cortex.o
 .text.__NVIC_GetPriorityGrouping
                0x08006118       0x1c ./Drivers/STM32F1xx_HAL_Driver/Src/stm32f1xx_hal_cortex.o
 .text.__NVIC_EnableIRQ
                0x08006134       0x38 ./Drivers/STM32F1xx_HAL_Driver/Src/stm32f1xx_hal_cortex.o
 .text.__NVIC_DisableIRQ
                0x0800616c       0x48 ./Drivers/STM32F1xx_HAL_Driver/Src/stm32f1xx_hal_cortex.o
 .text.__NVIC_SetPriority
                0x080061b4       0x54 ./Drivers/STM32F1xx_HAL_Driver/Src/stm32f1xx_hal_cortex.o
 .text.NVIC_EncodePriority
                0x08006208       0x64 ./Drivers/STM32F1xx_HAL_Driver/Src/stm32f1xx_hal_cortex.o
 .text.SysTick_Config
                0x0800626c       0x44 ./Drivers/STM32F1xx_HAL_Driver/Src/stm32f1xx_hal_cortex.o
 .text.HAL_NVIC_SetPriorityGrouping
                0x080062b0       0x16 ./Drivers/STM32F1xx_HAL_Driver/Src/stm32f1xx_hal_cortex.o
                0x080062b0                HAL_NVIC_SetPriorityGrouping
 .text.HAL_NVIC_SetPriority
                0x080062c6       0x38 ./Drivers/STM32F1xx_HAL_Driver/Src/stm32f1xx_hal_cortex.o
                0x080062c6                HAL_NVIC_SetPriority
 .text.HAL_NVIC_EnableIRQ
                0x080062fe       0x1c ./Drivers/STM32F1xx_HAL_Driver/Src/stm32f1xx_hal_cortex.o
                0x080062fe                HAL_NVIC_EnableIRQ
 .text.HAL_NVIC_DisableIRQ
                0x0800631a       0x1c ./Drivers/STM32F1xx_HAL_Driver/Src/stm32f1xx_hal_cortex.o
                0x0800631a                HAL_NVIC_DisableIRQ
 .text.HAL_SYSTICK_Config
                0x08006336       0x18 ./Drivers/STM32F1xx_HAL_Driver/Src/stm32f1xx_hal_cortex.o
                0x08006336                HAL_SYSTICK_Config
 *fill*         0x0800634e        0x2 
 .text.HAL_DMA_Init
                0x08006350       0xb4 ./Drivers/STM32F1xx_HAL_Driver/Src/stm32f1xx_hal_dma.o
                0x08006350                HAL_DMA_Init
 .text.HAL_DMA_DeInit
                0x08006404       0xb8 ./Drivers/STM32F1xx_HAL_Driver/Src/stm32f1xx_hal_dma.o
                0x08006404                HAL_DMA_DeInit
 .text.HAL_DMA_Abort_IT
                0x080064bc       0xf0 ./Drivers/STM32F1xx_HAL_Driver/Src/stm32f1xx_hal_dma.o
                0x080064bc                HAL_DMA_Abort_IT
 .text.HAL_DMA_IRQHandler
                0x080065ac      0x20c ./Drivers/STM32F1xx_HAL_Driver/Src/stm32f1xx_hal_dma.o
                0x080065ac                HAL_DMA_IRQHandler
 .text.HAL_DMA_GetState
                0x080067b8       0x1a ./Drivers/STM32F1xx_HAL_Driver/Src/stm32f1xx_hal_dma.o
                0x080067b8                HAL_DMA_GetState
 *fill*         0x080067d2        0x2 
 .text.HAL_GPIO_Init
                0x080067d4      0x308 ./Drivers/STM32F1xx_HAL_Driver/Src/stm32f1xx_hal_gpio.o
                0x080067d4                HAL_GPIO_Init
 .text.HAL_GPIO_DeInit
                0x08006adc      0x178 ./Drivers/STM32F1xx_HAL_Driver/Src/stm32f1xx_hal_gpio.o
                0x08006adc                HAL_GPIO_DeInit
 .text.HAL_I2C_Init
                0x08006c54      0x288 ./Drivers/STM32F1xx_HAL_Driver/Src/stm32f1xx_hal_i2c.o
                0x08006c54                HAL_I2C_Init
 .text.HAL_I2C_DeInit
                0x08006edc       0x5e ./Drivers/STM32F1xx_HAL_Driver/Src/stm32f1xx_hal_i2c.o
                0x08006edc                HAL_I2C_DeInit
 .text.I2C_Flush_DR
                0x08006f3a       0x28 ./Drivers/STM32F1xx_HAL_Driver/Src/stm32f1xx_hal_i2c.o
 *fill*         0x08006f62        0x2 
 .text.HAL_I2C_Mem_Write
                0x08006f64      0x1f4 ./Drivers/STM32F1xx_HAL_Driver/Src/stm32f1xx_hal_i2c.o
                0x08006f64                HAL_I2C_Mem_Write
 .text.HAL_I2C_Mem_Read
                0x08007158      0x4e8 ./Drivers/STM32F1xx_HAL_Driver/Src/stm32f1xx_hal_i2c.o
                0x08007158                HAL_I2C_Mem_Read
 .text.HAL_I2C_Slave_Seq_Transmit_IT
                0x08007640       0xe4 ./Drivers/STM32F1xx_HAL_Driver/Src/stm32f1xx_hal_i2c.o
                0x08007640                HAL_I2C_Slave_Seq_Transmit_IT
 .text.HAL_I2C_Slave_Seq_Receive_IT
                0x08007724       0xe4 ./Drivers/STM32F1xx_HAL_Driver/Src/stm32f1xx_hal_i2c.o
                0x08007724                HAL_I2C_Slave_Seq_Receive_IT
 .text.HAL_I2C_EnableListen_IT
                0x08007808       0x6a ./Drivers/STM32F1xx_HAL_Driver/Src/stm32f1xx_hal_i2c.o
                0x08007808                HAL_I2C_EnableListen_IT
 .text.HAL_I2C_EV_IRQHandler
                0x08007872      0x2e2 ./Drivers/STM32F1xx_HAL_Driver/Src/stm32f1xx_hal_i2c.o
                0x08007872                HAL_I2C_EV_IRQHandler
 .text.HAL_I2C_ER_IRQHandler
                0x08007b54      0x15e ./Drivers/STM32F1xx_HAL_Driver/Src/stm32f1xx_hal_i2c.o
                0x08007b54                HAL_I2C_ER_IRQHandler
 .text.HAL_I2C_MasterTxCpltCallback
                0x08007cb2       0x12 ./Drivers/STM32F1xx_HAL_Driver/Src/stm32f1xx_hal_i2c.o
                0x08007cb2                HAL_I2C_MasterTxCpltCallback
 .text.HAL_I2C_MasterRxCpltCallback
                0x08007cc4       0x12 ./Drivers/STM32F1xx_HAL_Driver/Src/stm32f1xx_hal_i2c.o
                0x08007cc4                HAL_I2C_MasterRxCpltCallback
 .text.HAL_I2C_MemTxCpltCallback
                0x08007cd6       0x12 ./Drivers/STM32F1xx_HAL_Driver/Src/stm32f1xx_hal_i2c.o
                0x08007cd6                HAL_I2C_MemTxCpltCallback
 .text.HAL_I2C_MemRxCpltCallback
                0x08007ce8       0x12 ./Drivers/STM32F1xx_HAL_Driver/Src/stm32f1xx_hal_i2c.o
                0x08007ce8                HAL_I2C_MemRxCpltCallback
 .text.HAL_I2C_AbortCpltCallback
                0x08007cfa       0x12 ./Drivers/STM32F1xx_HAL_Driver/Src/stm32f1xx_hal_i2c.o
                0x08007cfa                HAL_I2C_AbortCpltCallback
 .text.HAL_I2C_GetError
                0x08007d0c       0x16 ./Drivers/STM32F1xx_HAL_Driver/Src/stm32f1xx_hal_i2c.o
                0x08007d0c                HAL_I2C_GetError
 .text.I2C_MasterTransmit_TXE
                0x08007d22      0x138 ./Drivers/STM32F1xx_HAL_Driver/Src/stm32f1xx_hal_i2c.o
 .text.I2C_MasterTransmit_BTF
                0x08007e5a       0xec ./Drivers/STM32F1xx_HAL_Driver/Src/stm32f1xx_hal_i2c.o
 .text.I2C_MemoryTransmit_TXE_BTF
                0x08007f46      0x130 ./Drivers/STM32F1xx_HAL_Driver/Src/stm32f1xx_hal_i2c.o
 .text.I2C_MasterReceive_RXNE
                0x08008076      0x190 ./Drivers/STM32F1xx_HAL_Driver/Src/stm32f1xx_hal_i2c.o
 .text.I2C_MasterReceive_BTF
                0x08008206      0x1e2 ./Drivers/STM32F1xx_HAL_Driver/Src/stm32f1xx_hal_i2c.o
 .text.I2C_Master_SB
                0x080083e8      0x10a ./Drivers/STM32F1xx_HAL_Driver/Src/stm32f1xx_hal_i2c.o
 .text.I2C_Master_ADD10
                0x080084f2       0x52 ./Drivers/STM32F1xx_HAL_Driver/Src/stm32f1xx_hal_i2c.o
 .text.I2C_Master_ADDR
                0x08008544      0x336 ./Drivers/STM32F1xx_HAL_Driver/Src/stm32f1xx_hal_i2c.o
 .text.I2C_SlaveTransmit_TXE
                0x0800887a       0x7a ./Drivers/STM32F1xx_HAL_Driver/Src/stm32f1xx_hal_i2c.o
 .text.I2C_SlaveTransmit_BTF
                0x080088f4       0x40 ./Drivers/STM32F1xx_HAL_Driver/Src/stm32f1xx_hal_i2c.o
 .text.I2C_SlaveReceive_RXNE
                0x08008934       0x7c ./Drivers/STM32F1xx_HAL_Driver/Src/stm32f1xx_hal_i2c.o
 .text.I2C_SlaveReceive_BTF
                0x080089b0       0x42 ./Drivers/STM32F1xx_HAL_Driver/Src/stm32f1xx_hal_i2c.o
 .text.I2C_Slave_ADDR
                0x080089f2       0x94 ./Drivers/STM32F1xx_HAL_Driver/Src/stm32f1xx_hal_i2c.o
 *fill*         0x08008a86        0x2 
 .text.I2C_Slave_STOPF
                0x08008a88      0x260 ./Drivers/STM32F1xx_HAL_Driver/Src/stm32f1xx_hal_i2c.o
 .text.I2C_Slave_AF
                0x08008ce8       0xe8 ./Drivers/STM32F1xx_HAL_Driver/Src/stm32f1xx_hal_i2c.o
 .text.I2C_ITError
                0x08008dd0      0x264 ./Drivers/STM32F1xx_HAL_Driver/Src/stm32f1xx_hal_i2c.o
 .text.I2C_RequestMemoryWrite
                0x08009034      0x12c ./Drivers/STM32F1xx_HAL_Driver/Src/stm32f1xx_hal_i2c.o
 .text.I2C_RequestMemoryRead
                0x08009160      0x1d0 ./Drivers/STM32F1xx_HAL_Driver/Src/stm32f1xx_hal_i2c.o
 .text.I2C_DMAAbort
                0x08009330      0x150 ./Drivers/STM32F1xx_HAL_Driver/Src/stm32f1xx_hal_i2c.o
 .text.I2C_WaitOnFlagUntilTimeout
                0x08009480       0xf4 ./Drivers/STM32F1xx_HAL_Driver/Src/stm32f1xx_hal_i2c.o
 .text.I2C_WaitOnMasterAddressFlagUntilTimeout
                0x08009574      0x140 ./Drivers/STM32F1xx_HAL_Driver/Src/stm32f1xx_hal_i2c.o
 .text.I2C_WaitOnTXEFlagUntilTimeout
                0x080096b4       0x90 ./Drivers/STM32F1xx_HAL_Driver/Src/stm32f1xx_hal_i2c.o
 .text.I2C_WaitOnBTFFlagUntilTimeout
                0x08009744       0x90 ./Drivers/STM32F1xx_HAL_Driver/Src/stm32f1xx_hal_i2c.o
 .text.I2C_WaitOnSTOPRequestThroughIT
                0x080097d4       0x64 ./Drivers/STM32F1xx_HAL_Driver/Src/stm32f1xx_hal_i2c.o
 .text.I2C_WaitOnRXNEFlagUntilTimeout
                0x08009838       0xba ./Drivers/STM32F1xx_HAL_Driver/Src/stm32f1xx_hal_i2c.o
 .text.I2C_IsAcknowledgeFailed
                0x080098f2       0x5c ./Drivers/STM32F1xx_HAL_Driver/Src/stm32f1xx_hal_i2c.o
 .text.I2C_ConvertOtherXferOptions
                0x0800994e       0x34 ./Drivers/STM32F1xx_HAL_Driver/Src/stm32f1xx_hal_i2c.o
 *fill*         0x08009982        0x2 
 .text.HAL_RCC_OscConfig
                0x08009984      0x504 ./Drivers/STM32F1xx_HAL_Driver/Src/stm32f1xx_hal_rcc.o
                0x08009984                HAL_RCC_OscConfig
 .text.HAL_RCC_ClockConfig
                0x08009e88      0x1d4 ./Drivers/STM32F1xx_HAL_Driver/Src/stm32f1xx_hal_rcc.o
                0x08009e88                HAL_RCC_ClockConfig
 .text.HAL_RCC_GetSysClockFreq
                0x0800a05c       0xa8 ./Drivers/STM32F1xx_HAL_Driver/Src/stm32f1xx_hal_rcc.o
                0x0800a05c                HAL_RCC_GetSysClockFreq
 .text.HAL_RCC_GetHCLKFreq
                0x0800a104       0x14 ./Drivers/STM32F1xx_HAL_Driver/Src/stm32f1xx_hal_rcc.o
                0x0800a104                HAL_RCC_GetHCLKFreq
 .text.HAL_RCC_GetPCLK1Freq
                0x0800a118       0x28 ./Drivers/STM32F1xx_HAL_Driver/Src/stm32f1xx_hal_rcc.o
                0x0800a118                HAL_RCC_GetPCLK1Freq
 .text.RCC_Delay
                0x0800a140       0x3c ./Drivers/STM32F1xx_HAL_Driver/Src/stm32f1xx_hal_rcc.o
 .text.HAL_RCCEx_PeriphCLKConfig
                0x0800a17c      0x16c ./Drivers/STM32F1xx_HAL_Driver/Src/stm32f1xx_hal_rcc_ex.o
                0x0800a17c                HAL_RCCEx_PeriphCLKConfig
 .text.HAL_TIM_Base_Init
                0x0800a2e8       0x9e ./Drivers/STM32F1xx_HAL_Driver/Src/stm32f1xx_hal_tim.o
                0x0800a2e8                HAL_TIM_Base_Init
 *fill*         0x0800a386        0x2 
 .text.HAL_TIM_Base_Start_IT
                0x0800a388       0xa4 ./Drivers/STM32F1xx_HAL_Driver/Src/stm32f1xx_hal_tim.o
                0x0800a388                HAL_TIM_Base_Start_IT
 .text.HAL_TIM_PWM_Init
                0x0800a42c       0x9e ./Drivers/STM32F1xx_HAL_Driver/Src/stm32f1xx_hal_tim.o
                0x0800a42c                HAL_TIM_PWM_Init
 .text.HAL_TIM_PWM_MspInit
                0x0800a4ca       0x12 ./Drivers/STM32F1xx_HAL_Driver/Src/stm32f1xx_hal_tim.o
                0x0800a4ca                HAL_TIM_PWM_MspInit
 .text.HAL_TIM_PWM_Start
                0x0800a4dc      0x144 ./Drivers/STM32F1xx_HAL_Driver/Src/stm32f1xx_hal_tim.o
                0x0800a4dc                HAL_TIM_PWM_Start
 .text.HAL_TIM_IRQHandler
                0x0800a620      0x1e0 ./Drivers/STM32F1xx_HAL_Driver/Src/stm32f1xx_hal_tim.o
                0x0800a620                HAL_TIM_IRQHandler
 .text.HAL_TIM_PWM_ConfigChannel
                0x0800a800      0x184 ./Drivers/STM32F1xx_HAL_Driver/Src/stm32f1xx_hal_tim.o
                0x0800a800                HAL_TIM_PWM_ConfigChannel
 .text.HAL_TIM_ConfigClockSource
                0x0800a984      0x18e ./Drivers/STM32F1xx_HAL_Driver/Src/stm32f1xx_hal_tim.o
                0x0800a984                HAL_TIM_ConfigClockSource
 .text.HAL_TIM_OC_DelayElapsedCallback
                0x0800ab12       0x12 ./Drivers/STM32F1xx_HAL_Driver/Src/stm32f1xx_hal_tim.o
                0x0800ab12                HAL_TIM_OC_DelayElapsedCallback
 .text.HAL_TIM_IC_CaptureCallback
                0x0800ab24       0x12 ./Drivers/STM32F1xx_HAL_Driver/Src/stm32f1xx_hal_tim.o
                0x0800ab24                HAL_TIM_IC_CaptureCallback
 .text.HAL_TIM_PWM_PulseFinishedCallback
                0x0800ab36       0x12 ./Drivers/STM32F1xx_HAL_Driver/Src/stm32f1xx_hal_tim.o
                0x0800ab36                HAL_TIM_PWM_PulseFinishedCallback
 .text.HAL_TIM_TriggerCallback
                0x0800ab48       0x12 ./Drivers/STM32F1xx_HAL_Driver/Src/stm32f1xx_hal_tim.o
                0x0800ab48                HAL_TIM_TriggerCallback
 *fill*         0x0800ab5a        0x2 
 .text.TIM_Base_SetConfig
                0x0800ab5c       0xdc ./Drivers/STM32F1xx_HAL_Driver/Src/stm32f1xx_hal_tim.o
                0x0800ab5c                TIM_Base_SetConfig
 .text.TIM_OC1_SetConfig
                0x0800ac38       0xcc ./Drivers/STM32F1xx_HAL_Driver/Src/stm32f1xx_hal_tim.o
 .text.TIM_OC2_SetConfig
                0x0800ad04       0xd4 ./Drivers/STM32F1xx_HAL_Driver/Src/stm32f1xx_hal_tim.o
                0x0800ad04                TIM_OC2_SetConfig
 .text.TIM_OC3_SetConfig
                0x0800add8       0xd4 ./Drivers/STM32F1xx_HAL_Driver/Src/stm32f1xx_hal_tim.o
 .text.TIM_OC4_SetConfig
                0x0800aeac       0x9c ./Drivers/STM32F1xx_HAL_Driver/Src/stm32f1xx_hal_tim.o
 .text.TIM_TI1_ConfigInputStage
                0x0800af48       0x5c ./Drivers/STM32F1xx_HAL_Driver/Src/stm32f1xx_hal_tim.o
 .text.TIM_TI2_ConfigInputStage
                0x0800afa4       0x5e ./Drivers/STM32F1xx_HAL_Driver/Src/stm32f1xx_hal_tim.o
 .text.TIM_ITRx_SetConfig
                0x0800b002       0x34 ./Drivers/STM32F1xx_HAL_Driver/Src/stm32f1xx_hal_tim.o
 .text.TIM_ETR_SetConfig
                0x0800b036       0x3e ./Drivers/STM32F1xx_HAL_Driver/Src/stm32f1xx_hal_tim.o
                0x0800b036                TIM_ETR_SetConfig
 .text.TIM_CCxChannelCmd
                0x0800b074       0x48 ./Drivers/STM32F1xx_HAL_Driver/Src/stm32f1xx_hal_tim.o
                0x0800b074                TIM_CCxChannelCmd
 .text.HAL_TIMEx_MasterConfigSynchronization
                0x0800b0bc       0xbc ./Drivers/STM32F1xx_HAL_Driver/Src/stm32f1xx_hal_tim_ex.o
                0x0800b0bc                HAL_TIMEx_MasterConfigSynchronization
 .text.HAL_TIMEx_CommutCallback
                0x0800b178       0x12 ./Drivers/STM32F1xx_HAL_Driver/Src/stm32f1xx_hal_tim_ex.o
                0x0800b178                HAL_TIMEx_CommutCallback
 .text.HAL_TIMEx_BreakCallback
                0x0800b18a       0x12 ./Drivers/STM32F1xx_HAL_Driver/Src/stm32f1xx_hal_tim_ex.o
                0x0800b18a                HAL_TIMEx_BreakCallback
 .text._ZdlPvj  0x0800b19c        0x4 C:/ST/STM32CubeIDE_1.13.2/STM32CubeIDE/plugins/com.st.stm32cube.ide.mcu.externaltools.gnu-tools-for-stm32.13.3.rel1.win32_1.0.0.202411081344/tools/bin/../lib/gcc/arm-none-eabi/13.3.1/../../../../arm-none-eabi/lib/thumb/v7-m/nofp\libstdc++_nano.a(del_ops.o)
                0x0800b19c                operator delete(void*, unsigned int)
 .text._ZdaPv   0x0800b1a0        0x4 C:/ST/STM32CubeIDE_1.13.2/STM32CubeIDE/plugins/com.st.stm32cube.ide.mcu.externaltools.gnu-tools-for-stm32.13.3.rel1.win32_1.0.0.202411081344/tools/bin/../lib/gcc/arm-none-eabi/13.3.1/../../../../arm-none-eabi/lib/thumb/v7-m/nofp\libstdc++_nano.a(del_opv.o)