../Core/Src/INA219.cpp:26:1:INA219::INA219(I2C_HandleTypeDef*, float, float, uint8_t, uint32_t)	24	static
../Core/Src/INA219.cpp:48:9:int16_t INA219::getRawBusVoltage()	24	static
../Core/Src/INA219.cpp:61:9:int16_t INA219::getRawShuntVoltage()	24	static
../Core/Src/INA219.cpp:74:9:int16_t INA219::getRawCurrent()	24	static
../Core/Src/INA219.cpp:90:9:int16_t INA219::getRawPower()	24	static
../Core/Src/INA219.cpp:109:7:float INA219::getBusVoltage_V()	24	static
../Core/Src/INA219.cpp:126:7:float INA219::getShuntVoltage_V()	24	static
../Core/Src/INA219.cpp:139:7:float INA219::getCurrent_A()	24	static
../Core/Src/INA219.cpp:155:7:float INA219::getPower_W()	24	static
../Core/Src/INA219.cpp:177:6:void INA219::calibrateSensor(float, float)	32	static
../Core/Src/INA219.cpp:197:10:uint16_t INA219::getCalibration()	24	static
../Core/Src/INA219.cpp:224:6:bool INA219::setConfiguration(uint16_t)	24	static
../Core/Src/INA219.cpp:238:10:uint16_t INA219::getConfiguration()	24	static
../Core/Src/INA219.cpp:255:6:bool INA219::setBusVoltageRange(INA219::BUS_VOLTAGE_RANGE)	24	static
../Core/Src/INA219.cpp:278:27:INA219::BUS_VOLTAGE_RANGE INA219::getBusVoltageRange()	24	static
../Core/Src/INA219.cpp:296:6:bool INA219::setPGA(INA219::PGA)	24	static
../Core/Src/INA219.cpp:319:13:INA219::PGA INA219::getPGA()	24	static
../Core/Src/INA219.cpp:337:6:bool INA219::setBusADCResolution(INA219::BUS_ADC_RESOLUTION)	24	static
../Core/Src/INA219.cpp:360:28:INA219::BUS_ADC_RESOLUTION INA219::getBusADCResolution()	24	static
../Core/Src/INA219.cpp:378:6:bool INA219::setShuntADCResolution(INA219::SHUNT_ADC_RESOLUTION)	24	static
../Core/Src/INA219.cpp:401:30:INA219::SHUNT_ADC_RESOLUTION INA219::getShuntADCResolution()	24	static
../Core/Src/INA219.cpp:419:6:bool INA219::setOperatingMode(INA219::OPERATING_MODE)	24	static
../Core/Src/INA219.cpp:442:24:INA219::OPERATING_MODE INA219::getOperatingMode()	24	static
../Core/Src/INA219.cpp:462:6:bool INA219::reset()	24	static
