../Drivers/CMSIS/Include/core_cm3.h:1876:26:uint32_t ITM_SendChar(uint32_t)	16	static,ignoring_inline_asm
../Core/Src/main.cpp:87:5:int main()	8	static
../Core/Src/main.cpp:130:6:void HAL_TIM_PeriodElapsedCallback(TIM_HandleTypeDef*)	24	static
../Core/Src/main.cpp:184:6:void SystemClock_Config()	72	static
../Core/Src/main.cpp:223:13:void MX_I2C1_Init()	8	static
../Core/Src/main.cpp:257:13:void MX_TIM1_Init()	96	static
../Core/Src/main.cpp:336:13:void MX_TIM3_Init()	32	static
../Core/Src/main.cpp:381:13:void MX_GPIO_Init()	24	static
../Core/Src/main.cpp:396:5:int _write(int, char*, int)	32	static
../Core/Src/main.cpp:413:6:void Error_Handler()	4	static,ignoring_inline_asm
../Core/Src/main.cpp:422:1:void __static_initialization_and_destruction_0(int, int)	24	static
../Core/Src/main.cpp:422:1:cpp)	8	static
