../Drivers/CMSIS/Include/core_cm3.h:1876:26:uint32_t ITM_SendChar(uint32_t)	16	static,ignoring_inline_asm
../Core/Src/main.cpp:76:5:int main()	168	static
../Core/Src/main.cpp:138:6:void SystemClock_Config()	72	static
../Core/Src/main.cpp:177:13:void MX_I2C1_Init()	8	static
../Core/Src/main.cpp:211:13:void MX_TIM1_Init()	96	static
../Core/Src/main.cpp:290:13:void MX_GPIO_Init()	24	static
../Core/Src/main.cpp:305:5:int _write(int, char*, int)	32	static
../Core/Src/main.cpp:322:6:void Error_Handler()	4	static,ignoring_inline_asm
